Backup file: /home/jetson/cdrone_control/194_paramters.params
UTC: 20260731T043521Z
Snapshot: /home/jetson/cdrone_control/backup/current_params_before_194_restore_20260731T043521Z.params
Desired: 1074
Changed: 64
Failed: 0
Missing initial: 0
Verify missing: 4
Verify mismatches: 0
Storage save accepted: True

Changed parameters:
CAL_ACC0_XOFF: 0.0475380495 -> -0.0842566192 type=9
CAL_ACC0_XSCALE: 1.01312149 -> 1 type=9
CAL_ACC0_YOFF: -0.0964139178 -> -0.051904574 type=9
CAL_ACC0_YSCALE: 1.00243866 -> 1 type=9
CAL_ACC0_ZOFF: 0.0330698416 -> 0.0773451254 type=9
CAL_ACC0_ZSCALE: 1.00447905 -> 1 type=9
CAL_ACC1_XOFF: -0.0231432915 -> -0.00510787964 type=9
CAL_ACC1_XSCALE: 1.01344872 -> 1 type=9
CAL_ACC1_YOFF: 0.00269412994 -> 0.0347852707 type=9
CAL_ACC1_YSCALE: 1.00285411 -> 1 type=9
CAL_ACC1_ZOFF: 0.00298452377 -> 0.0572423935 type=9
CAL_ACC1_ZSCALE: 1.00616646 -> 1 type=9
CAL_ACC2_XOFF: -0.0109372139 -> -0.0038485527 type=9
CAL_ACC2_XSCALE: 1.01385784 -> 1 type=9
CAL_ACC2_YOFF: 0.0378689766 -> 0.00488853455 type=9
CAL_ACC2_YSCALE: 1.00299728 -> 1 type=9
CAL_ACC2_ZOFF: 0.0242166519 -> -0.0199947357 type=9
CAL_ACC2_ZSCALE: 1.0053792 -> 1 type=9
CAL_GYRO0_XOFF: -0.0113283861 -> -0.00167654199 type=9
CAL_GYRO0_YOFF: -0.0221826825 -> -0.00972216018 type=9
CAL_GYRO0_ZOFF: 3.13892779e-05 -> -0.00182266568 type=9
CAL_GYRO1_XOFF: -0.00199201936 -> -0.00963526312 type=9
CAL_GYRO1_YOFF: -0.00907660369 -> -0.0273281932 type=9
CAL_GYRO1_ZOFF: 0.0188755225 -> -0.0027248587 type=9
CAL_GYRO2_XOFF: 0.027115941 -> 0.0158978384 type=9
CAL_GYRO2_YOFF: -0.0372142829 -> -0.000351210037 type=9
CAL_GYRO2_ZOFF: 0.00159198011 -> -0.00551850069 type=9
CAL_GYRO3_YOFF: 0.000493264117 -> 0.00060994894 type=9
CAL_MAG0_XODIAG: -0.00290475786 -> 0.0194538143 type=9
CAL_MAG0_XOFF: -0.195333898 -> -0.07075537 type=9
CAL_MAG0_XSCALE: 0.996532321 -> 1.03041184 type=9
CAL_MAG0_YODIAG: 0.00103787426 -> 0.00710023614 type=9
CAL_MAG0_YOFF: 0.149117127 -> 0.0792606771 type=9
CAL_MAG0_YSCALE: 0.972095311 -> 0.987515867 type=9
CAL_MAG0_ZODIAG: -0.00706830341 -> 0.00253736437 type=9
CAL_MAG0_ZOFF: 0.0513245016 -> 0.0449310429 type=9
CAL_MAG0_ZSCALE: 1.03111494 -> 0.972946703 type=9
COM_FLIGHT_UUID: 148 -> 61 type=6
COM_RC_IN_MODE: 3 -> 4 type=6
EKF2_ABL_LIM: 0.800000012 -> 0.400000006 type=9
EKF2_EVA_NOISE: 0.0299999993 -> 0.100000001 type=9
EKF2_EVP_NOISE: 0.0299999993 -> 0.100000001 type=9
EKF2_MAG_DECL: 0 -> -3.9468298 type=9
EKF2_OF_CTRL: 0 -> 1 type=6
LND_FLIGHT_T_HI: 2 -> 0 type=6
LND_FLIGHT_T_LO: 686680064 -> -1934093420 type=6
MAV_2_CONFIG: 101 -> 1000 type=6
MC_PITCHRATE_I: 0.0900000036 -> 0.178304806 type=9
MC_PITCH_P: 2 -> 6.5 type=9
MC_ROLLRATE_D: 0.00779999979 -> 0.00347903417 type=9
MC_ROLLRATE_I: 0.0799999982 -> 0.170605615 type=9
MC_ROLLRATE_K: 0.550000012 -> 1 type=9
MC_ROLL_P: 4 -> 6.5 type=9
MIS_TAKEOFF_ALT: 1.20000005 -> 1 type=9
MPC_THR_HOVER: 0.75 -> 0.560000002 type=9
MPC_VEL_MANUAL: 1 -> 10 type=9
MPC_XY_CRUISE: 1 -> 5 type=9
MPC_XY_VEL_D_ACC: 0.100000001 -> 0.200000003 type=9
RC_CRSF_PRT_CFG: 0 -> 300 type=6
RC_SBUS_PRT_CFG: 0 -> 300 type=6
SENS_BOARD_X_OFF: 0.128117234 -> 0.182564363 type=9
SENS_BOARD_Y_OFF: -2.29441333 -> -1.76823485 type=9
UAVCAN_SUB_FLOW: 1 -> 0 type=6
UAVCAN_SUB_RNG: 1 -> 0 type=6

Verification missing:
MAV_2_FLOW_CTRL
MAV_2_FORWARD
RC_CRSF_TEL_EN
WV_YRATE_MAX
