[INFO] [launch]: All log files can be found below /home/jetson/.ros/log/2026-04-27-17-50-11-346476-jetson-6743
[INFO] [launch]: Default logging verbosity is set to INFO
[INFO] [mavros_node-1]: process started with pid [6745]
[INFO] [drone_setup_node-2]: process started with pid [6747]
[INFO] [client_node-3]: process started with pid [6749]
[INFO] [external_pose_adapter_node-4]: process started with pid [6751]
[INFO] [external_pose_bridge_node-5]: process started with pid [6753]
[INFO] [external_pose_debug_node-6]: process started with pid [6755]
[INFO] [realsense_tracker_node-7]: process started with pid [6760]
[INFO] [mavros_velocity_node-8]: process started with pid [6779]
[INFO] [milestone3_demo_sequence_node-9]: process started with pid [6781]
[INFO] [led_control.py-10]: process started with pid [6783]
[mavros_node-1] [INFO] [1777337411.574444527] [cdrone.cdrone3.mavros.mavros_node]: Starting mavros_node container
[mavros_node-1] [INFO] [1777337411.574685364] [cdrone.cdrone3.mavros.mavros_node]: FCU URL: udp://:14540@127.0.0.1:14550
[mavros_node-1] [INFO] [1777337411.574709045] [cdrone.cdrone3.mavros.mavros_node]: GCS URL: 
[mavros_node-1] [INFO] [1777337411.574718261] [cdrone.cdrone3.mavros.mavros_node]: UAS Prefix: /uas1
[mavros_node-1] [INFO] [1777337411.574726005] [cdrone.cdrone3.mavros.mavros_node]: Starting mavros router node
[mavros_node-1] [INFO] [1777337411.603250359] [cdrone.cdrone3.mavros.mavros_router]: Built-in SIMD instructions: ARM NEON
[mavros_node-1] [INFO] [1777337411.603358233] [cdrone.cdrone3.mavros.mavros_router]: Built-in MAVLink package version: 2026.3.3
[mavros_node-1] [INFO] [1777337411.603378265] [cdrone.cdrone3.mavros.mavros_router]: Known MAVLink dialects: common ardupilotmega ASLUAV AVSSUAS all csAirLink cubepilot development icarous loweheiser marsh matrixpilot paparazzi standard stemstudios storm32 uAvionix ualberta
[mavros_node-1] [INFO] [1777337411.603390650] [cdrone.cdrone3.mavros.mavros_router]: MAVROS Router started
[mavros_node-1] [INFO] [1777337411.603802275] [cdrone.cdrone3.mavros.mavros_node]: Starting mavros uas node
[client_node-3] check_vrpn_cookie(): VRPN Note: minor version number doesn't match: (prefer 'vrpn: ver. 07.35', got 'vrpn: ver. 07.33  0').  This is not normally a problem.
[mavros_node-1] [INFO] [1777337411.680775855] [cdrone.cdrone3.mavros.mavros_router]: Requested to add endpoint: type: 0, url: udp://:14540@127.0.0.1:14550
[mavros_node-1] [INFO] [1777337411.680947699] [cdrone.cdrone3.mavros.mavros_router]: Endpoint link[1000] created
[mavros_node-1] [INFO] [1777337411.681881223] [cdrone.cdrone3.mavros.mavros_router]: link[1000] opened successfully
[mavros_node-1] [INFO] [1777337411.681957928] [cdrone.cdrone3.mavros.mavros_router]: Requested to add endpoint: type: 2, url: /uas1
[mavros_node-1] [INFO] [1777337411.682007657] [cdrone.cdrone3.mavros.mavros_router]: Endpoint link[1001] created
[mavros_node-1] [INFO] [1777337411.690511807] [cdrone.cdrone3.mavros.mavros_router]: link[1001] opened successfully
[mavros_node-1] [INFO] [1777337411.691895261] [cdrone.cdrone3.mavros.mavros_router]: link[1000] detected remote address 1.1
[mavros_node-1] [INFO] [1777337411.705939337] [cdrone.cdrone3.mavros.mavros]: UAS Executor started, threads: 6
[mavros_node-1] [INFO] [1777337411.806773427] [cdrone.cdrone3.mavros.mavros]: Plugin actuator_control created
[mavros_node-1] [INFO] [1777337411.806932118] [cdrone.cdrone3.mavros.mavros]: Plugin actuator_control initialized
[mavros_node-1] [INFO] [1777337411.943204918] [cdrone.cdrone3.mavros.mavros]: Plugin adsb created
[mavros_node-1] [INFO] [1777337411.943720673] [cdrone.cdrone3.mavros.mavros]: Plugin adsb initialized
[mavros_node-1] [INFO] [1777337411.963387813] [cdrone.cdrone3.mavros.mavros_router]: link[1000] detected remote address 254.0
[mavros_node-1] [INFO] [1777337411.995317551] [cdrone.cdrone3.mavros.mavros]: Plugin altitude created
[mavros_node-1] [INFO] [1777337411.995803929] [cdrone.cdrone3.mavros.mavros]: Plugin altitude initialized
[mavros_node-1] [INFO] [1777337412.070280977] [cdrone.cdrone3.mavros.mavros]: Plugin cam_imu_sync created
[mavros_node-1] [INFO] [1777337412.070819836] [cdrone.cdrone3.mavros.mavros]: Plugin cam_imu_sync initialized
[mavros_node-1] [INFO] [1777337412.128004802] [cdrone.cdrone3.mavros.mavros]: Plugin camera created
[mavros_node-1] [INFO] [1777337412.128416747] [cdrone.cdrone3.mavros.mavros]: Plugin camera initialized
[mavros_node-1] [INFO] [1777337412.178121265] [cdrone.cdrone3.mavros.mavros]: Plugin cellular_status created
[mavros_node-1] [INFO] [1777337412.178673756] [cdrone.cdrone3.mavros.mavros]: Plugin cellular_status initialized
[mavros_node-1] [INFO] [1777337412.267306050] [cdrone.cdrone3.mavros.mavros]: Plugin command created
[mavros_node-1] [INFO] [1777337412.268073939] [cdrone.cdrone3.mavros.mavros]: Plugin command initialized
[mavros_node-1] [INFO] [1777337412.328369051] [cdrone.cdrone3.mavros.mavros]: Plugin companion_process_status created
[mavros_node-1] [INFO] [1777337412.329081066] [cdrone.cdrone3.mavros.mavros]: Plugin companion_process_status initialized
[led_control.py-10] [INFO] [1777337412.332886907] [milestone3_state_led]: LED color startup: waiting for milestone 3 engagement state messages
[led_control.py-10] [INFO] [1777337412.334945703] [milestone3_state_led]: Subscribed to /cdrone/cdrone3/engagement/state
[mavros_node-1] [INFO] [1777337412.484005304] [cdrone.cdrone3.mavros.mavros]: Plugin debug_value created
[mavros_node-1] [INFO] [1777337412.484165179] [cdrone.cdrone3.mavros.mavros]: Plugin debug_value initialized
[mavros_node-1] [INFO] [1777337412.508970061] [cdrone.cdrone3.mavros.distance_sensor]: DS: rangefinder_pub: Loading config: id: 0
[mavros_node-1] frame_id: lidar
[mavros_node-1] field_of_view: 0.0
[mavros_node-1] send_tf: false
[mavros_node-1] sensor_position: {x: 0.0, y: 0.0, z: -0.1}
[mavros_node-1] [INFO] [1777337412.511773481] [cdrone.cdrone3.mavros.distance_sensor]: DS: rangefinder_sub: Loading config: subscriber: true
[mavros_node-1] id: 1
[mavros_node-1] orientation: PITCH_270
[mavros_node-1] [INFO] [1777337412.518260980] [cdrone.cdrone3.mavros.mavros]: Plugin distance_sensor created
[mavros_node-1] [INFO] [1777337412.518554554] [cdrone.cdrone3.mavros.mavros]: Plugin distance_sensor initialized
[mavros_node-1] [INFO] [1777337412.558305196] [cdrone.cdrone3.mavros.mavros]: Plugin esc_status created
[mavros_node-1] [INFO] [1777337412.558455247] [cdrone.cdrone3.mavros.mavros]: Plugin esc_status initialized
[client_node-3] [INFO] [1777337412.593688639] [cdrone.cdrone3.vrpn_mocap.vrpn_mocap_client_node]: Created new tracker RigidBody4
[client_node-3] [INFO] [1777337412.594089640] [cdrone.cdrone3.vrpn_mocap.vrpn_mocap_client_node]: Created new tracker RigidBody3
[mavros_node-1] [INFO] [1777337412.596547901] [cdrone.cdrone3.mavros.mavros]: Plugin esc_telemetry created
[mavros_node-1] [INFO] [1777337412.596659327] [cdrone.cdrone3.mavros.mavros]: Plugin esc_telemetry initialized
[client_node-3] [INFO] [1777337412.599996166] [cdrone.cdrone3.vrpn_mocap.vrpn_mocap_client_node]: Creating sensor 0
[client_node-3] [INFO] [1777337412.600794839] [cdrone.cdrone3.vrpn_mocap.vrpn_mocap_client_node]: Creating sensor 0
[external_pose_adapter_node-4] [INFO] [1777337412.652096991] [cdrone.cdrone3.external_pose_adapter_node]: External pose adapter started: /cdrone/cdrone3/vrpn_mocap/RigidBody3/pose -> /cdrone/cdrone3/external_pose/input_pose (source_qos=best_effort)
[mavros_node-1] [INFO] [1777337412.652938609] [cdrone.cdrone3.mavros.mavros]: Plugin fake_gps created
[mavros_node-1] [INFO] [1777337412.653058388] [cdrone.cdrone3.mavros.mavros]: Plugin fake_gps initialized
[mavros_node-1] [INFO] [1777337412.869593926] [cdrone.cdrone3.mavros.mavros]: Plugin ftp created
[mavros_node-1] [INFO] [1777337412.870554235] [cdrone.cdrone3.mavros.mavros]: Plugin ftp initialized
[mavros_node-1] [INFO] [1777337412.935934640] [cdrone.cdrone3.mavros.mavros]: Plugin geofence created
[mavros_node-1] [INFO] [1777337412.936111284] [cdrone.cdrone3.mavros.mavros]: Plugin geofence initialized
[mavros_node-1] [INFO] [1777337413.090025900] [cdrone.cdrone3.mavros.mavros]: Plugin gimbal_control created
[mavros_node-1] [INFO] [1777337413.091489419] [cdrone.cdrone3.mavros.mavros]: Plugin gimbal_control initialized
[external_pose_bridge_node-5] [INFO] [1777337413.112135141] [cdrone.cdrone3.external_pose_bridge_node]: External pose bridge started: /cdrone/cdrone3/external_pose/input_pose, /cdrone/cdrone3/vio/input_pose -> /cdrone/cdrone3/mavros/vision_pose/pose
[mavros_node-1] [INFO] [1777337413.165493401] [cdrone.cdrone3.mavros.mavros]: Plugin global_position created
[mavros_node-1] [INFO] [1777337413.167814794] [cdrone.cdrone3.mavros.mavros]: Plugin global_position initialized
[mavros_node-1] [INFO] [1777337413.200022586] [cdrone.cdrone3.mavros.mavros]: Plugin gps_input created
[mavros_node-1] [INFO] [1777337413.201441017] [cdrone.cdrone3.mavros.mavros]: Plugin gps_input initialized
[mavros_node-1] [INFO] [1777337413.231308919] [cdrone.cdrone3.mavros.mavros]: Plugin gps_rtk created
[mavros_node-1] [INFO] [1777337413.232917081] [cdrone.cdrone3.mavros.mavros]: Plugin gps_rtk initialized
[mavros_node-1] [INFO] [1777337413.264898725] [cdrone.cdrone3.mavros.mavros]: Plugin gps_status created
[mavros_node-1] [INFO] [1777337413.266370916] [cdrone.cdrone3.mavros.mavros]: Plugin gps_status initialized
[mavros_node-1] [INFO] [1777337413.267921477] [cdrone.cdrone3.mavros.mavros]: Plugin guided_target ignored
[drone_setup_node-2] [INFO] [1777337413.364893981] [cdrone.cdrone3.drone_setup]: Drone setup node started: /cdrone/cdrone3/mavros/global_position/set_gp_origin, /cdrone/cdrone3/mavros/home_position/set; origin=(0.0000000, 0.0000000, 17.1637m) home=(0.000, 0.000, 0.000)
[drone_setup_node-2] [WARN] [1777337413.366745317] [cdrone.cdrone3.drone_setup]: Using a synthetic indoor global origin at lat/lon 0,0. This is acceptable for bench indoor EV use, but replace it with the lab's real lat/lon/ellipsoid altitude for production.
[mavros_node-1] [INFO] [1777337413.370624632] [cdrone.cdrone3.mavros.mavros]: Plugin hil created
[mavros_node-1] [INFO] [1777337413.370767099] [cdrone.cdrone3.mavros.mavros]: Plugin hil initialized
[mavros_velocity_node-8] [INFO] [1777337413.470228296] [cdrone.cdrone3.mavros_velocity_node]: MAVROS velocity node started.
[mavros_node-1] [INFO] [1777337413.516766090] [cdrone.cdrone3.mavros.mavros]: Plugin home_position created
[mavros_node-1] [INFO] [1777337413.516911725] [cdrone.cdrone3.mavros.mavros]: Plugin home_position initialized
[external_pose_debug_node-6] [INFO] [1777337413.560167018] [cdrone.cdrone3.external_pose_debug_node]: External pose debug started: /cdrone/cdrone3/vrpn_mocap/RigidBody3/pose -> /cdrone/cdrone3/external_pose/input_pose -> /cdrone/cdrone3/mavros/vision_pose/pose; local=/cdrone/cdrone3/mavros/local_position/pose; source_qos=best_effort
[mavros_node-1] [INFO] [1777337413.589361529] [cdrone.cdrone3.mavros.mavros]: Plugin imu created
[mavros_node-1] [INFO] [1777337413.589521021] [cdrone.cdrone3.mavros.mavros]: Plugin imu initialized
[mavros_node-1] [INFO] [1777337413.659338705] [cdrone.cdrone3.mavros.mavros]: Plugin landing_target created
[mavros_node-1] [INFO] [1777337413.659584278] [cdrone.cdrone3.mavros.mavros]: Plugin landing_target initialized
[mavros_node-1] [INFO] [1777337413.719984992] [cdrone.cdrone3.mavros.mavros]: Plugin local_position created
[mavros_node-1] [INFO] [1777337413.720381353] [cdrone.cdrone3.mavros.mavros]: Plugin local_position initialized
[milestone3_demo_sequence_node-9] [INFO] [1777337413.745816584] [cdrone.cdrone3.milestone3_demo_sequence_node]: Loaded perimeter guard: drone_studio_perimeter.yaml frame=map keep_outs=1
[milestone3_demo_sequence_node-9] [INFO] [1777337413.750204550] [cdrone.cdrone3.milestone3_demo_sequence_node]: Loaded pre-takeoff profile: milestone3_takeoff_baseline_v1 params=10
[milestone3_demo_sequence_node-9] [INFO] [1777337413.753504749] [cdrone.cdrone3.milestone3_demo_sequence_node]: Loaded speed profile: fun_speed_profile params=9
[milestone3_demo_sequence_node-9] [INFO] [1777337413.754206076] [cdrone.cdrone3.milestone3_demo_sequence_node]: Milestone 3 demo sequence node started. tracks=/cdrone/cdrone3/perception/tracks cmd_vel=/cdrone/cdrone3/control/cmd_vel_body state_topic=/cdrone/cdrone3/engagement/state
[mavros_node-1] [INFO] [1777337413.771827764] [cdrone.cdrone3.mavros.mavros]: Plugin log_transfer created
[mavros_node-1] [INFO] [1777337413.772175772] [cdrone.cdrone3.mavros.mavros]: Plugin log_transfer initialized
[mavros_node-1] [INFO] [1777337413.804198952] [cdrone.cdrone3.mavros.mavros]: Plugin mag_calibration_status created
[mavros_node-1] [INFO] [1777337413.804336139] [cdrone.cdrone3.mavros.mavros]: Plugin mag_calibration_status initialized
[mavros_node-1] [INFO] [1777337413.831225769] [cdrone.cdrone3.mavros.mavros]: Plugin manual_control created
[mavros_node-1] [INFO] [1777337413.832618855] [cdrone.cdrone3.mavros.mavros]: Plugin manual_control initialized
[mavros_node-1] [INFO] [1777337413.861427343] [cdrone.cdrone3.mavros.mavros]: Plugin mocap_pose_estimate created
[mavros_node-1] [INFO] [1777337413.861946362] [cdrone.cdrone3.mavros.mavros]: Plugin mocap_pose_estimate initialized
[mavros_node-1] [INFO] [1777337413.899677504] [cdrone.cdrone3.mavros.mavros]: Plugin mount_control created
[mavros_node-1] [INFO] [1777337413.899814819] [cdrone.cdrone3.mavros.mavros]: Plugin mount_control initialized
[mavros_node-1] [INFO] [1777337413.930168235] [cdrone.cdrone3.mavros.mavros]: Plugin nav_controller_output created
[mavros_node-1] [INFO] [1777337413.930300398] [cdrone.cdrone3.mavros.mavros]: Plugin nav_controller_output initialized
[mavros_node-1] [INFO] [1777337413.960380625] [cdrone.cdrone3.mavros.mavros]: Plugin obstacle_distance created
[mavros_node-1] [INFO] [1777337413.960495827] [cdrone.cdrone3.mavros.mavros]: Plugin obstacle_distance initialized
[mavros_node-1] [INFO] [1777337413.990177230] [cdrone.cdrone3.mavros.mavros]: Plugin obstacle_distance_3d created
[mavros_node-1] [INFO] [1777337413.990296432] [cdrone.cdrone3.mavros.mavros]: Plugin obstacle_distance_3d initialized
[mavros_node-1] [INFO] [1777337413.990327537] [cdrone.cdrone3.mavros.mavros]: Plugin odometry ignored
[mavros_node-1] [INFO] [1777337414.022518721] [cdrone.cdrone3.mavros.mavros]: Plugin onboard_computer_status created
[mavros_node-1] [INFO] [1777337414.022691876] [cdrone.cdrone3.mavros.mavros]: Plugin onboard_computer_status initialized
[mavros_node-1] [INFO] [1777337414.061643301] [cdrone.cdrone3.mavros.mavros]: Plugin open_drone_id created
[mavros_node-1] [INFO] [1777337414.061796520] [cdrone.cdrone3.mavros.mavros]: Plugin open_drone_id initialized
[mavros_node-1] [INFO] [1777337414.098145265] [cdrone.cdrone3.mavros.mavros]: Plugin optical_flow created
[mavros_node-1] [INFO] [1777337414.098289012] [cdrone.cdrone3.mavros.mavros]: Plugin optical_flow initialized
[mavros_node-1] [INFO] [1777337414.133947214] [cdrone.cdrone3.mavros.mavros]: Plugin param created
[mavros_node-1] [INFO] [1777337414.134082096] [cdrone.cdrone3.mavros.mavros]: Plugin param initialized
[mavros_node-1] [INFO] [1777337414.165145672] [cdrone.cdrone3.mavros.mavros]: Plugin play_tune created
[mavros_node-1] [INFO] [1777337414.165296971] [cdrone.cdrone3.mavros.mavros]: Plugin play_tune initialized
[mavros_node-1] [INFO] [1777337414.203593214] [cdrone.cdrone3.mavros.mavros]: Plugin px4flow created
[mavros_node-1] [INFO] [1777337414.203729857] [cdrone.cdrone3.mavros.mavros]: Plugin px4flow initialized
[mavros_node-1] [INFO] [1777337414.242827268] [cdrone.cdrone3.mavros.mavros]: Plugin rallypoint created
[mavros_node-1] [INFO] [1777337414.244343781] [cdrone.cdrone3.mavros.mavros]: Plugin rallypoint initialized
[mavros_node-1] [INFO] [1777337414.276839419] [cdrone.cdrone3.mavros.mavros]: Plugin rangefinder created
[mavros_node-1] [INFO] [1777337414.276964830] [cdrone.cdrone3.mavros.mavros]: Plugin rangefinder initialized
[mavros_node-1] [INFO] [1777337414.336845053] [cdrone.cdrone3.mavros.mavros]: Plugin rc_io created
[mavros_node-1] [INFO] [1777337414.337037089] [cdrone.cdrone3.mavros.mavros]: Plugin rc_io initialized
[mavros_node-1] [INFO] [1777337414.382271848] [cdrone.cdrone3.mavros.mavros]: Plugin setpoint_accel created
[mavros_node-1] [INFO] [1777337414.382393706] [cdrone.cdrone3.mavros.mavros]: Plugin setpoint_accel initialized
[mavros_node-1] [INFO] [1777337414.431284863] [cdrone.cdrone3.mavros.mavros]: Plugin setpoint_attitude created
[mavros_node-1] [INFO] [1777337414.432922690] [cdrone.cdrone3.mavros.mavros]: Plugin setpoint_attitude initialized
[mavros_node-1] [INFO] [1777337414.492354808] [cdrone.cdrone3.mavros.mavros]: Plugin setpoint_position created
[mavros_node-1] [INFO] [1777337414.492503643] [cdrone.cdrone3.mavros.mavros]: Plugin setpoint_position initialized
[mavros_node-1] [INFO] [1777337414.553934620] [cdrone.cdrone3.mavros.mavros]: Plugin setpoint_raw created
[mavros_node-1] [INFO] [1777337414.554083871] [cdrone.cdrone3.mavros.mavros]: Plugin setpoint_raw initialized
[mavros_node-1] [INFO] [1777337414.609491647] [cdrone.cdrone3.mavros.mavros]: Plugin setpoint_trajectory created
[mavros_node-1] [INFO] [1777337414.609630658] [cdrone.cdrone3.mavros.mavros]: Plugin setpoint_trajectory initialized
[mavros_node-1] [INFO] [1777337414.659472459] [cdrone.cdrone3.mavros.mavros]: Plugin setpoint_velocity created
[mavros_node-1] [INFO] [1777337414.661305234] [cdrone.cdrone3.mavros.mavros]: Plugin setpoint_velocity initialized
[mavros_node-1] [INFO] [1777337414.712885760] [cdrone.cdrone3.mavros.mavros]: Plugin sim_state created
[mavros_node-1] [INFO] [1777337414.715031022] [cdrone.cdrone3.mavros.mavros]: Plugin sim_state initialized
[mavros_node-1] [INFO] [1777337414.805675711] [cdrone.cdrone3.mavros.mavros]: Plugin sys_status created
[mavros_node-1] [INFO] [1777337414.805890820] [cdrone.cdrone3.mavros.mavros]: Plugin sys_status initialized
[mavros_node-1] [INFO] [1777337414.852476711] [cdrone.cdrone3.mavros.time]: TM: Timesync mode: MAVLINK
[mavros_node-1] [INFO] [1777337414.862844837] [cdrone.cdrone3.mavros.mavros]: Plugin sys_time created
[mavros_node-1] [INFO] [1777337414.864515176] [cdrone.cdrone3.mavros.mavros]: Plugin sys_time initialized
[mavros_node-1] [INFO] [1777337414.914329329] [cdrone.cdrone3.mavros.mavros]: Plugin tdr_radio created
[mavros_node-1] [INFO] [1777337414.914470196] [cdrone.cdrone3.mavros.mavros]: Plugin tdr_radio initialized
[mavros_node-1] [INFO] [1777337414.965468982] [cdrone.cdrone3.mavros.mavros]: Plugin terrain created
[mavros_node-1] [INFO] [1777337414.965703259] [cdrone.cdrone3.mavros.mavros]: Plugin terrain initialized
[mavros_node-1] [INFO] [1777337415.025635419] [cdrone.cdrone3.mavros.mavros]: Plugin trajectory created
[mavros_node-1] [INFO] [1777337415.025923361] [cdrone.cdrone3.mavros.mavros]: Plugin trajectory initialized
[mavros_node-1] [INFO] [1777337415.114829197] [cdrone.cdrone3.mavros.mavros]: Plugin tunnel created
[mavros_node-1] [INFO] [1777337415.115148660] [cdrone.cdrone3.mavros.mavros]: Plugin tunnel initialized
[mavros_node-1] [INFO] [1777337415.473905767] [cdrone.cdrone3.mavros.mavros]: Plugin vfr_hud created
[mavros_node-1] [INFO] [1777337415.474044554] [cdrone.cdrone3.mavros.mavros]: Plugin vfr_hud initialized
[mavros_node-1] [INFO] [1777337415.596704359] [cdrone.cdrone3.mavros.mavros]: Plugin vibration created
[mavros_node-1] [INFO] [1777337415.596859338] [cdrone.cdrone3.mavros.mavros]: Plugin vibration initialized
[mavros_node-1] [INFO] [1777337415.666712223] [cdrone.cdrone3.mavros.mavros]: Plugin vision_pose created
[mavros_node-1] [INFO] [1777337415.666841154] [cdrone.cdrone3.mavros.mavros]: Plugin vision_pose initialized
[mavros_node-1] [INFO] [1777337415.732591967] [cdrone.cdrone3.mavros.mavros]: Plugin vision_speed created
[mavros_node-1] [INFO] [1777337415.732723873] [cdrone.cdrone3.mavros.mavros]: Plugin vision_speed initialized
[led_control.py-10] [INFO] [1777337415.766588149] [milestone3_state_led]: LED color off: state=IDLE ready=False target_visible=False active_track_id=-1 blocked_reason=<none>
[mavros_node-1] [INFO] [1777337415.815954996] [cdrone.cdrone3.mavros.mavros]: Plugin waypoint created
[mavros_node-1] [INFO] [1777337415.816204473] [cdrone.cdrone3.mavros.mavros]: Plugin waypoint initialized
[mavros_node-1] [INFO] [1777337415.816251258] [cdrone.cdrone3.mavros.mavros]: Plugin wheel_odometry ignored
[mavros_node-1] [INFO] [1777337415.910462680] [cdrone.cdrone3.mavros.mavros]: Plugin wind_estimation created
[mavros_node-1] [INFO] [1777337415.910606395] [cdrone.cdrone3.mavros.mavros]: Plugin wind_estimation initialized
[mavros_node-1] [INFO] [1777337415.917566223] [cdrone.cdrone3.mavros.mavros]: Built-in SIMD instructions: ARM NEON
[mavros_node-1] [INFO] [1777337415.917659281] [cdrone.cdrone3.mavros.mavros]: Built-in MAVLink package version: 2026.3.3
[mavros_node-1] [INFO] [1777337415.917675794] [cdrone.cdrone3.mavros.mavros]: Known MAVLink dialects: common ardupilotmega ASLUAV AVSSUAS all csAirLink cubepilot development icarous loweheiser marsh matrixpilot paparazzi standard stemstudios storm32 uAvionix ualberta
[mavros_node-1] [INFO] [1777337415.917688626] [cdrone.cdrone3.mavros.mavros]: MAVROS UAS via /uas1 started. MY ID 1.191, TARGET ID 1.1
[mavros_node-1] [INFO] [1777337415.920204648] [cdrone.cdrone3.mavros.imu]: IMU: High resolution IMU detected!
[mavros_node-1] [INFO] [1777337415.920561423] [cdrone.cdrone3.mavros.imu]: IMU: Attitude quaternion IMU detected!
[mavros_node-1] [INFO] [1777337415.921332256] [cdrone.cdrone3.mavros.mavros_router]: link[1001] detected remote address 1.191
[mavros_node-1] [INFO] [1777337415.926811349] [cdrone.cdrone3.mavros.mavros_router]: link[1001] detected remote address 1.197
[mavros_node-1] [INFO] [1777337415.939272959] [cdrone.cdrone3.mavros.rc]: RC_CHANNELS message detected!
[mavros_node-1] [INFO] [1777337415.948014554] [cdrone.cdrone3.mavros.sys]: FCU: EVENT 10716939 with args -0-0-0-0-0-0-0-0-0-0-0-0-0-0-0-0-0-0-0-0-0-0-0-0-0-0-0-0-0-0-0-0-0-0-0-0-0-0-0-0-
[mavros_node-1] [INFO] [1777337415.959699892] [cdrone.cdrone3.mavros.mavros]: CON: Got HEARTBEAT, connected. FCU: PX4 Autopilot
[mavros_node-1] [INFO] [1777337415.959881336] [cdrone.cdrone3.mavros.mission]: WP: detected enable_partial_push: 0
[drone_setup_node-2] [INFO] [1777337415.961620669] [cdrone.cdrone3.drone_setup]: FCU connected; publishing indoor global origin and home position
[mavros_velocity_node-8] [INFO] [1777337415.961693438] [cdrone.cdrone3.mavros_velocity_node]: Mode changed:  → CMODE(393216)
[mavros_node-1] [INFO] [1777337415.977867608] [cdrone.cdrone3.mavros.imu]: IMU: High resolution IMU detected!
[mavros_node-1] [INFO] [1777337415.978387427] [cdrone.cdrone3.mavros.imu]: IMU: Attitude quaternion IMU detected!
[mavros_node-1] [INFO] [1777337416.046688951] [cdrone.cdrone3.mavros.rc]: RC_CHANNELS message detected!
[mavros_node-1] [WARN] [1777337416.140386057] [cdrone.cdrone3.mavros.sys]: FCU: UNK(8): EVENT 11047904 with args -0-0-0-18-1-128-0-0-0-128-59-1-128-128-59-1-128-0-0-0-0-0-0-0-0-0-0-0-0-0-0-0-0-0-0-0-0-0-0-0-
[mavros_node-1] [ERROR] [1777337416.140690480] [cdrone.cdrone3.mavros.sys]: FCU: EVENT 13835193 with args -124-0-126-0-17-0-0-0-0-0-0-0-0-0-0-0-0-0-0-0-0-0-0-0-0-0-0-0-0-0-0-0-0-0-0-0-0-0-0-0-
[mavros_node-1] [ERROR] [1777337416.141110329] [cdrone.cdrone3.mavros.sys]: FCU: EVENT 10011251 with args -56-0-0-0-24-0-0-0-0-0-0-0-0-0-0-0-0-0-0-0-0-0-0-0-0-0-0-0-0-0-0-0-0-0-0-0-0-0-0-0-
[mavros_node-1] [INFO] [1777337416.141434495] [cdrone.cdrone3.mavros.sys]: FCU: EVENT 377561 with args -8-0-0-0-20-0-0-0-0-0-0-0-0-0-0-0-0-0-0-0-0-0-0-0-0-0-0-0-0-0-0-0-0-0-0-0-0-0-0-0-
[mavros_node-1] [ERROR] [1777337416.141758630] [cdrone.cdrone3.mavros.sys]: FCU: EVENT 3087815 with args -0-64-0-0-20-0-0-0-0-0-0-0-0-0-0-0-0-0-0-0-0-0-0-0-0-0-0-0-0-0-0-0-0-0-0-0-0-0-0-0-
[mavros_node-1] [WARN] [1777337416.142080557] [cdrone.cdrone3.mavros.sys]: FCU: EVENT 453929 with args -255-255-255-255-7-0-0-0-0-0-0-0-0-0-0-0-0-0-0-0-0-0-0-0-0-0-0-0-0-0-0-0-0-0-0-0-0-0-0-0-
[mavros_node-1] [INFO] [1777337416.142368883] [cdrone.cdrone3.mavros.sys]: FCU: EVENT 6801787 with args -255-255-255-255-12-0-0-0-0-0-0-0-0-0-0-0-0-0-0-0-0-0-0-0-0-0-0-0-0-0-0-0-0-0-0-0-0-0-0-0-
[mavros_node-1] [WARN] [1777337416.144591747] [cdrone.cdrone3.mavros.sys]: FCU: UNK(8): EVENT 1914663 with args -0-2-0-2-56-0-0-0-0-0-0-0-0-0-0-0-0-0-0-0-0-0-0-0-0-0-0-0-0-0-0-0-0-0-0-0-0-0-0-0-
[drone_setup_node-2] [INFO] [1777337416.233352300] [cdrone.cdrone3.drone_setup]: Publishing indoor reference setup (attempt 1): global_origin_ready=False home_position_ready=False
[mavros_velocity_node-8] [INFO] [1777337416.970970815] [cdrone.cdrone3.mavros_velocity_node]: Mode changed: CMODE(393216) → OFFBOARD
[mavros_node-1] [INFO] [1777337416.977762768] [cdrone.cdrone3.mavros.geofence]: GF: Using MISSION_ITEM_INT
[mavros_node-1] [INFO] [1777337416.977880563] [cdrone.cdrone3.mavros.rallypoint]: RP: Using MISSION_ITEM_INT
[mavros_node-1] [INFO] [1777337416.977913076] [cdrone.cdrone3.mavros.mission]: WP: Using MISSION_ITEM_INT
[mavros_node-1] [INFO] [1777337416.977937844] [cdrone.cdrone3.mavros.sys]: VER: 1.1: Capabilities         0x000000000000e8ff
[mavros_node-1] [INFO] [1777337416.977962549] [cdrone.cdrone3.mavros.sys]: VER: 1.1: Flight software:     011000ff (6ea3539157000000)
[mavros_node-1] [INFO] [1777337416.977975381] [cdrone.cdrone3.mavros.sys]: VER: 1.1: Middleware software: 011000ff (6ea3539157000000)
[mavros_node-1] [INFO] [1777337416.977985973] [cdrone.cdrone3.mavros.sys]: VER: 1.1: OS software:         0b0000ff (886acbbdb4f061e5)
[mavros_node-1] [INFO] [1777337416.977995701] [cdrone.cdrone3.mavros.sys]: VER: 1.1: Board hardware:      00000039
[mavros_node-1] [INFO] [1777337416.978005526] [cdrone.cdrone3.mavros.sys]: VER: 1.1: VID/PID:             3185:0039
[mavros_node-1] [INFO] [1777337416.978014742] [cdrone.cdrone3.mavros.sys]: VER: 1.1: UID:                 3333510833383530
[mavros_node-1] [WARN] [1777337416.978250843] [cdrone.cdrone3.mavros.cmd]: CMD: Unexpected command 520, result 0
[drone_setup_node-2] [INFO] [1777337417.231956521] [cdrone.cdrone3.drone_setup]: Indoor global origin and home position are confirmed by MAVROS
[mavros_node-1] [WARN] [1777337418.184412269] [cdrone.cdrone3.mavros.sys]: FCU: UNK(8): EVENT 11047904 with args -0-0-0-0-0-128-0-0-0-176-123-127-128-176-123-127-128-0-0-0-0-0-0-0-0-0-0-0-0-0-0-0-0-0-0-0-0-0-0-0-
[mavros_node-1] [INFO] [1777337418.184805782] [cdrone.cdrone3.mavros.sys]: FCU: EVENT 377561 with args -8-0-0-0-20-0-0-0-0-0-0-0-0-0-0-0-0-0-0-0-0-0-0-0-0-0-0-0-0-0-0-0-0-0-0-0-0-0-0-0-
[mavros_node-1] [WARN] [1777337418.184972569] [cdrone.cdrone3.mavros.sys]: FCU: EVENT 453929 with args -255-255-255-255-7-0-0-0-0-0-0-0-0-0-0-0-0-0-0-0-0-0-0-0-0-0-0-0-0-0-0-0-0-0-0-0-0-0-0-0-
[mavros_node-1] [INFO] [1777337418.188956974] [cdrone.cdrone3.mavros.sys]: FCU: EVENT 6801787 with args -255-255-255-255-12-0-0-0-0-0-0-0-0-0-0-0-0-0-0-0-0-0-0-0-0-0-0-0-0-0-0-0-0-0-0-0-0-0-0-0-
[mavros_node-1] [WARN] [1777337418.189405912] [cdrone.cdrone3.mavros.sys]: FCU: UNK(8): EVENT 1914663 with args -0-2-0-2-56-0-0-0-0-0-0-0-0-0-0-0-0-0-0-0-0-0-0-0-0-0-0-0-0-0-0-0-0-0-0-0-0-0-0-0-
[realsense_tracker_node-7] [INFO] [1777337418.623305394] [cdrone.cdrone3.realsense_tracker_node]: Started direct RealSense pipeline: color=848x480@15, depth=848x480@15, align_depth_to_color=True, depth_scale_m=0.001000
[realsense_tracker_node-7] [INFO] [1777337418.639229542] [cdrone.cdrone3.realsense_tracker_node]: RealSense tracker started: source_mode=direct, model=/home/jetson/cdrone_control/models/16_k_and_drone_studio_realsense_images_model.engine, tracks=/cdrone/cdrone3/perception/tracks, world_tracks=/cdrone/cdrone3/perception/world_tracks, pose=/cdrone/cdrone3/vrpn_mocap/RigidBody3/pose, reid=on, motion_estimator=on, track_hold_s=0.50, world_track_compare=disabled, run_dir=disabled, tracks_csv=disabled, frames_csv=disabled
[realsense_tracker_node-7] Loading /home/jetson/cdrone_control/models/16_k_and_drone_studio_realsense_images_model.engine for TensorRT inference...
[realsense_tracker_node-7] [04/27/2026-17:50:19] [TRT] [I] Loaded engine size: 50 MiB
[realsense_tracker_node-7] [04/27/2026-17:50:19] [TRT] [W] Using an engine plan file across different models of devices is not recommended and is likely to affect performance or even cause errors.
[realsense_tracker_node-7] [04/27/2026-17:50:19] [TRT] [I] [MemUsageChange] TensorRT-managed allocation in IExecutionContext creation: CPU +1, GPU +36, now: CPU 1, GPU 83 (MiB)
[realsense_tracker_node-7] [WARN] [1777337421.417350205] [cdrone.cdrone3.realsense_tracker_node]: Ownship pose is missing, so world tracks are not being published yet on frame 'map'. Expected pose topic: /cdrone/cdrone3/vrpn_mocap/RigidBody3/pose
[mavros_node-1] [INFO] [1777337430.965996752] [cdrone.cdrone3.mavros.mission]: WP: mission received
[mavros_node-1] [INFO] [1777337435.967528354] [cdrone.cdrone3.mavros.rallypoint]: RP: mission received
[mavros_node-1] [INFO] [1777337440.975293016] [cdrone.cdrone3.mavros.geofence]: GF: mission received
[milestone3_demo_sequence_node-9] [INFO] [1777337447.250714415] [cdrone.cdrone3.milestone3_demo_sequence_node]: State IDLE -> SYNC_TAKEOFF_PARAM: start requested
[milestone3_demo_sequence_node-9] [INFO] [1777337447.296818826] [cdrone.cdrone3.milestone3_demo_sequence_node]: Requested current MIS_TAKEOFF_ALT
[led_control.py-10] [INFO] [1777337447.304268202] [milestone3_state_led]: LED color startup: state=SYNC_TAKEOFF_PARAM ready=False target_visible=False active_track_id=-1 blocked_reason=<none>
[mavros_node-1] [INFO] [1777337447.331885145] [cdrone.cdrone3.mavros.param]: PR: start force pull
[milestone3_demo_sequence_node-9] [INFO] [1777337447.338136639] [cdrone.cdrone3.milestone3_demo_sequence_node]: Requested FCU parameter pull (attempt 1)
[milestone3_demo_sequence_node-9] [INFO] [1777337447.363077941] [cdrone.cdrone3.milestone3_demo_sequence_node]: MIS_TAKEOFF_ALT currently 1.50
[milestone3_demo_sequence_node-9] [INFO] [1777337447.366728771] [cdrone.cdrone3.milestone3_demo_sequence_node]: State SYNC_TAKEOFF_PARAM -> SYNC_PRE_TAKEOFF_PROFILE: takeoff altitude configured
[led_control.py-10] [INFO] [1777337447.370085611] [milestone3_state_led]: LED color startup: state=SYNC_PRE_TAKEOFF_PROFILE ready=False target_visible=False active_track_id=-1 blocked_reason=<none>
[milestone3_demo_sequence_node-9] [INFO] [1777337447.415287379] [cdrone.cdrone3.milestone3_demo_sequence_node]: Requested MPC_XY_CRUISE=5.00
[mavros_node-1] [WARN] [1777337477.352404428] [cdrone.cdrone3.mavros.param]: PR: request param #1017 timeout, retries left 2, and 22 params still missing
[milestone3_demo_sequence_node-9] [WARN] [1777337477.363017616] [cdrone.cdrone3.milestone3_demo_sequence_node]: FCU parameter pull failed for MIS_TAKEOFF_ALT (reported failure); retrying param pull in 1.0s
[milestone3_demo_sequence_node-9] [INFO] [1777337477.363775232] [cdrone.cdrone3.milestone3_demo_sequence_node]: Set pre-takeoff baseline MPC_XY_CRUISE to 5.00
[milestone3_demo_sequence_node-9] [INFO] [1777337477.366193748] [cdrone.cdrone3.milestone3_demo_sequence_node]: Requested MPC_XY_VEL_MAX=12.00
[milestone3_demo_sequence_node-9] [INFO] [1777337477.413335719] [cdrone.cdrone3.milestone3_demo_sequence_node]: Set pre-takeoff baseline MPC_XY_VEL_MAX to 12.00
[milestone3_demo_sequence_node-9] [INFO] [1777337477.417533505] [cdrone.cdrone3.milestone3_demo_sequence_node]: Requested MPC_ACC_HOR=3.00
[milestone3_demo_sequence_node-9] [INFO] [1777337477.462964175] [cdrone.cdrone3.milestone3_demo_sequence_node]: Set pre-takeoff baseline MPC_ACC_HOR to 3.00
[milestone3_demo_sequence_node-9] [INFO] [1777337477.465383587] [cdrone.cdrone3.milestone3_demo_sequence_node]: Requested MPC_JERK_AUTO=4.00
[milestone3_demo_sequence_node-9] [INFO] [1777337477.513084354] [cdrone.cdrone3.milestone3_demo_sequence_node]: Set pre-takeoff baseline MPC_JERK_AUTO to 4.00
[milestone3_demo_sequence_node-9] [INFO] [1777337477.515624088] [cdrone.cdrone3.milestone3_demo_sequence_node]: Requested MPC_JERK_MAX=8.00
[milestone3_demo_sequence_node-9] [INFO] [1777337477.562916815] [cdrone.cdrone3.milestone3_demo_sequence_node]: Set pre-takeoff baseline MPC_JERK_MAX to 8.00
[milestone3_demo_sequence_node-9] [INFO] [1777337477.565965104] [cdrone.cdrone3.milestone3_demo_sequence_node]: Requested MPC_Z_V_AUTO_UP=3.00
[milestone3_demo_sequence_node-9] [INFO] [1777337477.612938687] [cdrone.cdrone3.milestone3_demo_sequence_node]: Set pre-takeoff baseline MPC_Z_V_AUTO_UP to 3.00
[milestone3_demo_sequence_node-9] [INFO] [1777337477.617734694] [cdrone.cdrone3.milestone3_demo_sequence_node]: Requested MPC_Z_V_AUTO_DN=1.50
[milestone3_demo_sequence_node-9] [INFO] [1777337477.662965776] [cdrone.cdrone3.milestone3_demo_sequence_node]: Set pre-takeoff baseline MPC_Z_V_AUTO_DN to 1.50
[milestone3_demo_sequence_node-9] [INFO] [1777337477.665440741] [cdrone.cdrone3.milestone3_demo_sequence_node]: Requested MPC_Z_VEL_MAX_DN=1.50
[milestone3_demo_sequence_node-9] [INFO] [1777337477.713181989] [cdrone.cdrone3.milestone3_demo_sequence_node]: Set pre-takeoff baseline MPC_Z_VEL_MAX_DN to 1.50
[milestone3_demo_sequence_node-9] [INFO] [1777337477.716136612] [cdrone.cdrone3.milestone3_demo_sequence_node]: Requested MPC_LAND_SPEED=0.70
[milestone3_demo_sequence_node-9] [INFO] [1777337477.762910607] [cdrone.cdrone3.milestone3_demo_sequence_node]: Set pre-takeoff baseline MPC_LAND_SPEED to 0.70
[milestone3_demo_sequence_node-9] [INFO] [1777337477.766230295] [cdrone.cdrone3.milestone3_demo_sequence_node]: Requested MPC_TKO_SPEED=1.50
[milestone3_demo_sequence_node-9] [INFO] [1777337477.813483596] [cdrone.cdrone3.milestone3_demo_sequence_node]: Set pre-takeoff baseline MPC_TKO_SPEED to 1.50
[milestone3_demo_sequence_node-9] [INFO] [1777337477.815634682] [cdrone.cdrone3.milestone3_demo_sequence_node]: State SYNC_PRE_TAKEOFF_PROFILE -> SET_TAKEOFF_MODE: pre-takeoff profile configured
[led_control.py-10] [INFO] [1777337477.817584228] [milestone3_state_led]: LED color startup: state=SET_TAKEOFF_MODE ready=False target_visible=False active_track_id=-1 blocked_reason=<none>
[milestone3_demo_sequence_node-9] [INFO] [1777337477.867408624] [cdrone.cdrone3.milestone3_demo_sequence_node]: Requested mode AUTO.TAKEOFF
[mavros_node-1] [WARN] [1777337477.875232696] [cdrone.cdrone3.mavros.cmd]: CMD: Unexpected command 176, result 0
[milestone3_demo_sequence_node-9] [INFO] [1777337477.913580271] [cdrone.cdrone3.milestone3_demo_sequence_node]: Mode request accepted for AUTO.TAKEOFF
[mavros_velocity_node-8] [INFO] [1777337477.967416689] [cdrone.cdrone3.mavros_velocity_node]: Mode changed: OFFBOARD → AUTO.TAKEOFF
[milestone3_demo_sequence_node-9] [INFO] [1777337478.013617200] [cdrone.cdrone3.milestone3_demo_sequence_node]: State SET_TAKEOFF_MODE -> ARMING: AUTO.TAKEOFF confirmed
[led_control.py-10] [INFO] [1777337478.017467202] [milestone3_state_led]: LED color startup: state=ARMING ready=False target_visible=False active_track_id=-1 blocked_reason=<none>
[milestone3_demo_sequence_node-9] [INFO] [1777337479.516268178] [cdrone.cdrone3.milestone3_demo_sequence_node]: Requested arm
[mavros_node-1] [INFO] [1777337479.529562479] [cdrone.cdrone3.mavros.sys]: FCU: EVENT 9489139 with args -4-0-0-0-0-0-0-0-0-0-0-0-0-0-0-0-0-0-0-0-0-0-0-0-0-0-0-0-0-0-0-0-0-0-0-0-0-0-0-0-
[milestone3_demo_sequence_node-9] [INFO] [1777337479.563567592] [cdrone.cdrone3.milestone3_demo_sequence_node]: Arm request accepted
[mavros_node-1] [INFO] [1777337479.566483367] [cdrone.cdrone3.mavros.sys]: FCU: EVENT 3878855 with args -0-0-192-63-0-0-0-0-0-0-0-0-0-0-0-0-0-0-0-0-0-0-0-0-0-0-0-0-0-0-0-0-0-0-0-0-0-0-0-0-
[mavros_node-1] [INFO] [1777337479.576076117] [cdrone.cdrone3.mavros.sys]: FCU: EVENT 1203183 with args -234-7-4-1-9-16-29-0-0-0-0-0-0-0-0-0-0-0-0-0-0-0-0-0-0-0-0-0-0-0-0-0-0-0-0-0-0-0-0-0-
[mavros_node-1] [WARN] [1777337479.676332891] [cdrone.cdrone3.mavros.sys]: FCU: UNK(8): EVENT 11047904 with args -0-0-0-0-0-128-0-0-0-176-123-127-128-176-123-127-128-0-0-0-0-0-0-0-0-0-0-0-0-0-0-0-0-0-0-0-0-0-0-0-
[mavros_node-1] [INFO] [1777337479.676660738] [cdrone.cdrone3.mavros.sys]: FCU: EVENT 377561 with args -8-0-0-0-20-0-0-0-0-0-0-0-0-0-0-0-0-0-0-0-0-0-0-0-0-0-0-0-0-0-0-0-0-0-0-0-0-0-0-0-
[mavros_node-1] [WARN] [1777337479.676879847] [cdrone.cdrone3.mavros.sys]: FCU: EVENT 453929 with args -255-255-255-255-7-0-0-0-0-0-0-0-0-0-0-0-0-0-0-0-0-0-0-0-0-0-0-0-0-0-0-0-0-0-0-0-0-0-0-0-
[mavros_node-1] [INFO] [1777337479.677130956] [cdrone.cdrone3.mavros.sys]: FCU: EVENT 6801787 with args -255-255-255-255-12-0-0-0-0-0-0-0-0-0-0-0-0-0-0-0-0-0-0-0-0-0-0-0-0-0-0-0-0-0-0-0-0-0-0-0-
[mavros_node-1] [WARN] [1777337479.685392573] [cdrone.cdrone3.mavros.sys]: FCU: UNK(8): EVENT 1914663 with args -0-2-4-2-56-0-0-0-0-0-0-0-0-0-0-0-0-0-0-0-0-0-0-0-0-0-0-0-0-0-0-0-0-0-0-0-0-0-0-0-
[mavros_velocity_node-8] [INFO] [1777337479.967836903] [cdrone.cdrone3.mavros_velocity_node]: Armed: True
[milestone3_demo_sequence_node-9] [INFO] [1777337480.013284182] [cdrone.cdrone3.milestone3_demo_sequence_node]: State ARMING -> TAKEOFF: vehicle armed; waiting for PX4 AUTO.TAKEOFF climb
[led_control.py-10] [INFO] [1777337480.015916270] [milestone3_state_led]: LED color startup: state=TAKEOFF ready=False target_visible=False active_track_id=-1 blocked_reason=<none>
[milestone3_demo_sequence_node-9] [INFO] [1777337480.063934868] [cdrone.cdrone3.milestone3_demo_sequence_node]: Takeoff progress: delta_z=0.00 m target_delta_z=1.50 m mode=AUTO.TAKEOFF armed=True
[milestone3_demo_sequence_node-9] [INFO] [1777337481.113703720] [cdrone.cdrone3.milestone3_demo_sequence_node]: Takeoff progress: delta_z=0.00 m target_delta_z=1.50 m mode=AUTO.TAKEOFF armed=True
[mavros_node-1] [INFO] [1777337481.328186816] [cdrone.cdrone3.mavros.sys]: FCU: EVENT 4277609 with args -0-0-0-0-0-0-0-0-0-0-0-0-0-0-0-0-0-0-0-0-0-0-0-0-0-0-0-0-0-0-0-0-0-0-0-0-0-0-0-0-
[milestone3_demo_sequence_node-9] [INFO] [1777337482.122529326] [cdrone.cdrone3.milestone3_demo_sequence_node]: Takeoff progress: delta_z=0.00 m target_delta_z=1.50 m mode=AUTO.TAKEOFF armed=True
[milestone3_demo_sequence_node-9] [INFO] [1777337483.163611466] [cdrone.cdrone3.milestone3_demo_sequence_node]: Takeoff progress: delta_z=0.03 m target_delta_z=1.50 m mode=AUTO.TAKEOFF armed=True
[milestone3_demo_sequence_node-9] [INFO] [1777337484.213525733] [cdrone.cdrone3.milestone3_demo_sequence_node]: Takeoff progress: delta_z=0.19 m target_delta_z=1.50 m mode=AUTO.TAKEOFF armed=True
[milestone3_demo_sequence_node-9] [INFO] [1777337485.267499991] [cdrone.cdrone3.milestone3_demo_sequence_node]: Takeoff progress: delta_z=0.56 m target_delta_z=1.50 m mode=AUTO.TAKEOFF armed=True
[mavros_velocity_node-8] [INFO] [1777337485.969655855] [cdrone.cdrone3.mavros_velocity_node]: Mode changed: AUTO.TAKEOFF → AUTO.LOITER
[milestone3_demo_sequence_node-9] [WARN] [1777337486.013809251] [cdrone.cdrone3.milestone3_demo_sequence_node]: PX4 exited AUTO.TAKEOFF before the demo observed the target altitude; shortfall=0.66 m mode=AUTO.LOITER. Accepting handoff.
[milestone3_demo_sequence_node-9] [INFO] [1777337486.014500209] [cdrone.cdrone3.milestone3_demo_sequence_node]: State TAKEOFF -> WARMUP_OFFBOARD: PX4 handed off to AUTO.LOITER during takeoff
[led_control.py-10] [INFO] [1777337486.016225878] [milestone3_state_led]: LED color startup: state=WARMUP_OFFBOARD ready=False target_visible=False active_track_id=-1 blocked_reason=<none>
[milestone3_demo_sequence_node-9] [INFO] [1777337487.563614854] [cdrone.cdrone3.milestone3_demo_sequence_node]: State WARMUP_OFFBOARD -> SET_OFFBOARD_MODE: offboard warmup complete
[led_control.py-10] [INFO] [1777337487.565510799] [milestone3_state_led]: LED color startup: state=SET_OFFBOARD_MODE ready=False target_visible=False active_track_id=-1 blocked_reason=<none>
[milestone3_demo_sequence_node-9] [INFO] [1777337487.615342076] [cdrone.cdrone3.milestone3_demo_sequence_node]: Requested mode OFFBOARD
[milestone3_demo_sequence_node-9] [INFO] [1777337487.663493221] [cdrone.cdrone3.milestone3_demo_sequence_node]: Mode request accepted for OFFBOARD
[mavros_velocity_node-8] [INFO] [1777337487.966336999] [cdrone.cdrone3.mavros_velocity_node]: Mode changed: AUTO.LOITER → OFFBOARD
[milestone3_demo_sequence_node-9] [INFO] [1777337488.013687519] [cdrone.cdrone3.milestone3_demo_sequence_node]: State SET_OFFBOARD_MODE -> SYNC_SPEED_PROFILE: OFFBOARD confirmed
[led_control.py-10] [INFO] [1777337488.016444570] [milestone3_state_led]: LED color startup: state=SYNC_SPEED_PROFILE ready=False target_visible=False active_track_id=-1 blocked_reason=<none>
[milestone3_demo_sequence_node-9] [INFO] [1777337488.064694245] [cdrone.cdrone3.milestone3_demo_sequence_node]: Requested current MPC_XY_CRUISE
[milestone3_demo_sequence_node-9] [INFO] [1777337488.113332537] [cdrone.cdrone3.milestone3_demo_sequence_node]: MPC_XY_CRUISE currently 5.00
[milestone3_demo_sequence_node-9] [INFO] [1777337488.116539294] [cdrone.cdrone3.milestone3_demo_sequence_node]: Requested MPC_XY_CRUISE=3.00
[milestone3_demo_sequence_node-9] [INFO] [1777337488.163192039] [cdrone.cdrone3.milestone3_demo_sequence_node]: Set MPC_XY_CRUISE to 3.00
[milestone3_demo_sequence_node-9] [INFO] [1777337488.165804607] [cdrone.cdrone3.milestone3_demo_sequence_node]: Requested current MPC_XY_VEL_MAX
[milestone3_demo_sequence_node-9] [INFO] [1777337488.213600000] [cdrone.cdrone3.milestone3_demo_sequence_node]: MPC_XY_VEL_MAX currently 12.00
[milestone3_demo_sequence_node-9] [INFO] [1777337488.217783418] [cdrone.cdrone3.milestone3_demo_sequence_node]: Requested MPC_XY_VEL_MAX=6.00
[milestone3_demo_sequence_node-9] [INFO] [1777337488.263019589] [cdrone.cdrone3.milestone3_demo_sequence_node]: Set MPC_XY_VEL_MAX to 6.00
[milestone3_demo_sequence_node-9] [INFO] [1777337488.265246677] [cdrone.cdrone3.milestone3_demo_sequence_node]: Requested current MPC_ACC_HOR
[milestone3_demo_sequence_node-9] [INFO] [1777337488.314396243] [cdrone.cdrone3.milestone3_demo_sequence_node]: MPC_ACC_HOR currently 3.00
[milestone3_demo_sequence_node-9] [INFO] [1777337488.317124238] [cdrone.cdrone3.milestone3_demo_sequence_node]: Requested MPC_ACC_HOR=2.00
[milestone3_demo_sequence_node-9] [INFO] [1777337488.362758945] [cdrone.cdrone3.milestone3_demo_sequence_node]: Set MPC_ACC_HOR to 2.00
[milestone3_demo_sequence_node-9] [INFO] [1777337488.364878767] [cdrone.cdrone3.milestone3_demo_sequence_node]: Requested current MPC_JERK_AUTO
[milestone3_demo_sequence_node-9] [INFO] [1777337488.412810003] [cdrone.cdrone3.milestone3_demo_sequence_node]: MPC_JERK_AUTO currently 4.00
[milestone3_demo_sequence_node-9] [INFO] [1777337488.414999746] [cdrone.cdrone3.milestone3_demo_sequence_node]: Requested MPC_JERK_AUTO=2.50
[milestone3_demo_sequence_node-9] [INFO] [1777337488.463278062] [cdrone.cdrone3.milestone3_demo_sequence_node]: Set MPC_JERK_AUTO to 2.50
[milestone3_demo_sequence_node-9] [INFO] [1777337488.465362427] [cdrone.cdrone3.milestone3_demo_sequence_node]: Requested current MPC_JERK_MAX
[milestone3_demo_sequence_node-9] [INFO] [1777337488.512761556] [cdrone.cdrone3.milestone3_demo_sequence_node]: MPC_JERK_MAX currently 8.00
[milestone3_demo_sequence_node-9] [INFO] [1777337488.514929026] [cdrone.cdrone3.milestone3_demo_sequence_node]: Requested MPC_JERK_MAX=5.00
[milestone3_demo_sequence_node-9] [INFO] [1777337488.564381895] [cdrone.cdrone3.milestone3_demo_sequence_node]: Set MPC_JERK_MAX to 5.00
[milestone3_demo_sequence_node-9] [INFO] [1777337488.567048512] [cdrone.cdrone3.milestone3_demo_sequence_node]: Requested current MPC_Z_V_AUTO_UP
[milestone3_demo_sequence_node-9] [INFO] [1777337488.613000282] [cdrone.cdrone3.milestone3_demo_sequence_node]: MPC_Z_V_AUTO_UP currently 3.00
[milestone3_demo_sequence_node-9] [INFO] [1777337488.615480368] [cdrone.cdrone3.milestone3_demo_sequence_node]: Requested MPC_Z_V_AUTO_UP=1.80
[milestone3_demo_sequence_node-9] [INFO] [1777337488.664465579] [cdrone.cdrone3.milestone3_demo_sequence_node]: Set MPC_Z_V_AUTO_UP to 1.80
[milestone3_demo_sequence_node-9] [INFO] [1777337488.667537357] [cdrone.cdrone3.milestone3_demo_sequence_node]: Requested current MPC_Z_V_AUTO_DN
[milestone3_demo_sequence_node-9] [INFO] [1777337488.713244065] [cdrone.cdrone3.milestone3_demo_sequence_node]: MPC_Z_V_AUTO_DN currently 1.50
[milestone3_demo_sequence_node-9] [INFO] [1777337488.716047646] [cdrone.cdrone3.milestone3_demo_sequence_node]: Requested MPC_Z_V_AUTO_DN=1.00
[milestone3_demo_sequence_node-9] [INFO] [1777337488.762775752] [cdrone.cdrone3.milestone3_demo_sequence_node]: Set MPC_Z_V_AUTO_DN to 1.00
[milestone3_demo_sequence_node-9] [INFO] [1777337488.764864629] [cdrone.cdrone3.milestone3_demo_sequence_node]: Requested current MPC_Z_VEL_MAX_DN
[milestone3_demo_sequence_node-9] [INFO] [1777337488.812766841] [cdrone.cdrone3.milestone3_demo_sequence_node]: MPC_Z_VEL_MAX_DN currently 1.50
[milestone3_demo_sequence_node-9] [INFO] [1777337488.815149644] [cdrone.cdrone3.milestone3_demo_sequence_node]: Requested MPC_Z_VEL_MAX_DN=1.00
[milestone3_demo_sequence_node-9] [INFO] [1777337488.863465337] [cdrone.cdrone3.milestone3_demo_sequence_node]: Set MPC_Z_VEL_MAX_DN to 1.00
[milestone3_demo_sequence_node-9] [INFO] [1777337488.865971087] [cdrone.cdrone3.milestone3_demo_sequence_node]: Requested current MPC_LAND_SPEED
[milestone3_demo_sequence_node-9] [INFO] [1777337488.912754138] [cdrone.cdrone3.milestone3_demo_sequence_node]: MPC_LAND_SPEED currently 0.70
[milestone3_demo_sequence_node-9] [INFO] [1777337488.915380659] [cdrone.cdrone3.milestone3_demo_sequence_node]: Requested MPC_LAND_SPEED=0.50
[milestone3_demo_sequence_node-9] [INFO] [1777337488.963307383] [cdrone.cdrone3.milestone3_demo_sequence_node]: Set MPC_LAND_SPEED to 0.50
[milestone3_demo_sequence_node-9] [INFO] [1777337488.964497585] [cdrone.cdrone3.milestone3_demo_sequence_node]: State SYNC_SPEED_PROFILE -> STAGE_HOVER: speed profile configured
[led_control.py-10] [INFO] [1777337488.966312376] [milestone3_state_led]: LED color startup: state=STAGE_HOVER ready=True target_visible=False active_track_id=-1 blocked_reason=<none>
[milestone3_demo_sequence_node-9] [INFO] [1777337491.013732919] [cdrone.cdrone3.milestone3_demo_sequence_node]: State STAGE_HOVER -> SEARCH: stage hover complete
[led_control.py-10] [INFO] [1777337491.017515912] [milestone3_state_led]: LED color search: state=SEARCH ready=True target_visible=False active_track_id=-1 blocked_reason=<none>
[external_pose_debug_node-6] [WARN] [1777337544.505239181] [cdrone.cdrone3.external_pose_debug_node]: source->local pos error 0.100m (dx=+0.006, dy=+0.010, dz=+0.100) src_z=0.126 local_z=0.226 src_minus_home=+0.001 local_minus_home=+0.101; source->local vertical mismatch dz=+0.100m src_minus_home=+0.001 local_minus_home=+0.101
[external_pose_debug_node-6] [WARN] [1777337545.505927368] [cdrone.cdrone3.external_pose_debug_node]: source->local pos error 0.101m (dx=+0.003, dy=+0.011, dz=+0.101) src_z=0.126 local_z=0.227 src_minus_home=+0.002 local_minus_home=+0.102; source->local vertical mismatch dz=+0.101m src_minus_home=+0.002 local_minus_home=+0.102
[milestone3_demo_sequence_node-9] [INFO] [1777337575.851690703] [cdrone.cdrone3.milestone3_demo_sequence_node]: State SEARCH -> ABORT: operator abort
[milestone3_demo_sequence_node-9] [INFO] [1777337575.863805332] [cdrone.cdrone3.milestone3_demo_sequence_node]: Requested mode AUTO.LAND
[led_control.py-10] [INFO] [1777337575.867454850] [milestone3_state_led]: LED color abort: state=ABORT ready=False target_visible=False active_track_id=-1 blocked_reason=operator abort
[mavros_node-1] [WARN] [1777337575.877566428] [cdrone.cdrone3.mavros.cmd]: CMD: Unexpected command 176, result 0
[milestone3_demo_sequence_node-9] [INFO] [1777337575.912942902] [cdrone.cdrone3.milestone3_demo_sequence_node]: Mode request accepted for AUTO.LAND
[mavros_velocity_node-8] [INFO] [1777337575.966541817] [cdrone.cdrone3.mavros_velocity_node]: Mode changed: OFFBOARD → AUTO.LAND
[mavros_node-1] [INFO] [1777337577.427503314] [cdrone.cdrone3.mavros.sys]: FCU: EVENT 9844908 with args -0-0-0-0-0-0-0-0-0-0-0-0-0-0-0-0-0-0-0-0-0-0-0-0-0-0-0-0-0-0-0-0-0-0-0-0-0-0-0-0-
[mavros_node-1] [INFO] [1777337579.438286901] [cdrone.cdrone3.mavros.sys]: FCU: EVENT 16017271 with args -6-0-0-0-0-0-0-0-0-0-0-0-0-0-0-0-0-0-0-0-0-0-0-0-0-0-0-0-0-0-0-0-0-0-0-0-0-0-0-0-
[mavros_velocity_node-8] [INFO] [1777337579.960327367] [cdrone.cdrone3.mavros_velocity_node]: Mode changed: AUTO.LAND → OFFBOARD
[mavros_velocity_node-8] [INFO] [1777337579.961030358] [cdrone.cdrone3.mavros_velocity_node]: Armed: False
[milestone3_demo_sequence_node-9] [INFO] [1777337579.964518241] [cdrone.cdrone3.milestone3_demo_sequence_node]: Requested FCU parameter pull (attempt 2)
[mavros_node-1] [INFO] [1777337579.964764711] [cdrone.cdrone3.mavros.param]: PR: start force pull
[milestone3_demo_sequence_node-9] [INFO] [1777337583.214207319] [cdrone.cdrone3.milestone3_demo_sequence_node]: FCU parameter pull complete: 1075 params
[milestone3_demo_sequence_node-9] [INFO] [1777337583.222923891] [cdrone.cdrone3.milestone3_demo_sequence_node]: Requested MPC_XY_CRUISE=5.00
[mavros_node-1] [WARN] [1777337583.237313481] [cdrone.cdrone3.mavros.sys]: FCU: UNK(8): EVENT 11047904 with args -0-0-0-0-0-128-0-0-0-176-123-127-128-176-123-127-128-0-0-0-0-0-0-0-0-0-0-0-0-0-0-0-0-0-0-0-0-0-0-0-
[mavros_node-1] [INFO] [1777337583.237490765] [cdrone.cdrone3.mavros.sys]: FCU: EVENT 377561 with args -8-0-0-0-20-0-0-0-0-0-0-0-0-0-0-0-0-0-0-0-0-0-0-0-0-0-0-0-0-0-0-0-0-0-0-0-0-0-0-0-
[mavros_node-1] [WARN] [1777337583.237570767] [cdrone.cdrone3.mavros.sys]: FCU: EVENT 453929 with args -255-255-255-255-7-0-0-0-0-0-0-0-0-0-0-0-0-0-0-0-0-0-0-0-0-0-0-0-0-0-0-0-0-0-0-0-0-0-0-0-
[mavros_node-1] [INFO] [1777337583.237638640] [cdrone.cdrone3.mavros.sys]: FCU: EVENT 6801787 with args -255-255-255-255-12-0-0-0-0-0-0-0-0-0-0-0-0-0-0-0-0-0-0-0-0-0-0-0-0-0-0-0-0-0-0-0-0-0-0-0-
[mavros_node-1] [WARN] [1777337583.237704530] [cdrone.cdrone3.mavros.sys]: FCU: UNK(8): EVENT 1914663 with args -0-2-0-2-56-0-0-0-0-0-0-0-0-0-0-0-0-0-0-0-0-0-0-0-0-0-0-0-0-0-0-0-0-0-0-0-0-0-0-0-
[milestone3_demo_sequence_node-9] [INFO] [1777337583.312905063] [cdrone.cdrone3.milestone3_demo_sequence_node]: Restored MPC_XY_CRUISE to 5.00
[milestone3_demo_sequence_node-9] [INFO] [1777337583.314888658] [cdrone.cdrone3.milestone3_demo_sequence_node]: Requested MPC_XY_VEL_MAX=12.00
[milestone3_demo_sequence_node-9] [INFO] [1777337583.363345446] [cdrone.cdrone3.milestone3_demo_sequence_node]: Restored MPC_XY_VEL_MAX to 12.00
[milestone3_demo_sequence_node-9] [INFO] [1777337583.367915880] [cdrone.cdrone3.milestone3_demo_sequence_node]: Requested MPC_ACC_HOR=3.00
[milestone3_demo_sequence_node-9] [INFO] [1777337583.413124823] [cdrone.cdrone3.milestone3_demo_sequence_node]: Restored MPC_ACC_HOR to 3.00
[milestone3_demo_sequence_node-9] [INFO] [1777337583.415613197] [cdrone.cdrone3.milestone3_demo_sequence_node]: Requested MPC_JERK_AUTO=4.00
[milestone3_demo_sequence_node-9] [INFO] [1777337583.462823046] [cdrone.cdrone3.milestone3_demo_sequence_node]: Restored MPC_JERK_AUTO to 4.00
[milestone3_demo_sequence_node-9] [INFO] [1777337583.464765296] [cdrone.cdrone3.milestone3_demo_sequence_node]: Requested MPC_JERK_MAX=8.00
[milestone3_demo_sequence_node-9] [INFO] [1777337583.512908702] [cdrone.cdrone3.milestone3_demo_sequence_node]: Restored MPC_JERK_MAX to 8.00
[milestone3_demo_sequence_node-9] [INFO] [1777337583.514828615] [cdrone.cdrone3.milestone3_demo_sequence_node]: Requested MPC_Z_V_AUTO_UP=3.00
[milestone3_demo_sequence_node-9] [INFO] [1777337583.612903465] [cdrone.cdrone3.milestone3_demo_sequence_node]: Restored MPC_Z_V_AUTO_UP to 3.00
[milestone3_demo_sequence_node-9] [INFO] [1777337583.614894772] [cdrone.cdrone3.milestone3_demo_sequence_node]: Requested MPC_Z_V_AUTO_DN=1.50
[milestone3_demo_sequence_node-9] [INFO] [1777337583.663275335] [cdrone.cdrone3.milestone3_demo_sequence_node]: Restored MPC_Z_V_AUTO_DN to 1.50
[milestone3_demo_sequence_node-9] [INFO] [1777337583.665158703] [cdrone.cdrone3.milestone3_demo_sequence_node]: Requested MPC_Z_VEL_MAX_DN=1.50
[milestone3_demo_sequence_node-9] [INFO] [1777337583.712945269] [cdrone.cdrone3.milestone3_demo_sequence_node]: Restored MPC_Z_VEL_MAX_DN to 1.50
[milestone3_demo_sequence_node-9] [INFO] [1777337583.715003554] [cdrone.cdrone3.milestone3_demo_sequence_node]: Requested MPC_LAND_SPEED=0.70
[milestone3_demo_sequence_node-9] [INFO] [1777337583.763694107] [cdrone.cdrone3.milestone3_demo_sequence_node]: Restored MPC_LAND_SPEED to 0.70
