[INFO] [launch]: All log files can be found below /home/jetson/.ros/log/2026-04-27-16-21-30-857134-jetson-27177
[INFO] [launch]: Default logging verbosity is set to INFO
[INFO] [mavros_node-1]: process started with pid [27187]
[INFO] [drone_setup_node-2]: process started with pid [27189]
[INFO] [client_node-3]: process started with pid [27191]
[INFO] [external_pose_adapter_node-4]: process started with pid [27193]
[INFO] [external_pose_bridge_node-5]: process started with pid [27195]
[INFO] [external_pose_debug_node-6]: process started with pid [27197]
[INFO] [realsense_tracker_node-7]: process started with pid [27217]
[INFO] [mavros_velocity_node-8]: process started with pid [27221]
[INFO] [milestone3_demo_sequence_node-9]: process started with pid [27223]
[client_node-3] check_vrpn_cookie(): VRPN Note: minor version number doesn't match: (prefer 'vrpn: ver. 07.35', got 'vrpn: ver. 07.33  0').  This is not normally a problem.
[mavros_node-1] [INFO] [1777332091.404343854] [cdrone.cdrone3.mavros.mavros_node]: Starting mavros_node container
[mavros_node-1] [INFO] [1777332091.404596336] [cdrone.cdrone3.mavros.mavros_node]: FCU URL: udp://:14540@127.0.0.1:14550
[mavros_node-1] [INFO] [1777332091.404619344] [cdrone.cdrone3.mavros.mavros_node]: GCS URL: 
[mavros_node-1] [INFO] [1777332091.404631280] [cdrone.cdrone3.mavros.mavros_node]: UAS Prefix: /uas1
[mavros_node-1] [INFO] [1777332091.404640144] [cdrone.cdrone3.mavros.mavros_node]: Starting mavros router node
[mavros_node-1] [INFO] [1777332091.449086700] [cdrone.cdrone3.mavros.mavros_router]: Built-in SIMD instructions: ARM NEON
[mavros_node-1] [INFO] [1777332091.449202829] [cdrone.cdrone3.mavros.mavros_router]: Built-in MAVLink package version: 2026.3.3
[mavros_node-1] [INFO] [1777332091.449221453] [cdrone.cdrone3.mavros.mavros_router]: Known MAVLink dialects: common ardupilotmega ASLUAV AVSSUAS all csAirLink cubepilot development icarous loweheiser marsh matrixpilot paparazzi standard stemstudios storm32 uAvionix ualberta
[mavros_node-1] [INFO] [1777332091.449232173] [cdrone.cdrone3.mavros.mavros_router]: MAVROS Router started
[mavros_node-1] [INFO] [1777332091.449578222] [cdrone.cdrone3.mavros.mavros_node]: Starting mavros uas node
[mavros_node-1] [INFO] [1777332091.574369209] [cdrone.cdrone3.mavros.mavros_router]: Requested to add endpoint: type: 0, url: udp://:14540@127.0.0.1:14550
[mavros_node-1] [INFO] [1777332091.574499001] [cdrone.cdrone3.mavros.mavros_router]: Endpoint link[1000] created
[mavros_node-1] [INFO] [1777332091.575300957] [cdrone.cdrone3.mavros.mavros_router]: link[1000] opened successfully
[mavros_node-1] [INFO] [1777332091.575363838] [cdrone.cdrone3.mavros.mavros_router]: Requested to add endpoint: type: 2, url: /uas1
[mavros_node-1] [INFO] [1777332091.575409534] [cdrone.cdrone3.mavros.mavros_router]: Endpoint link[1001] created
[mavros_node-1] [INFO] [1777332091.584010632] [cdrone.cdrone3.mavros.mavros_router]: link[1000] detected remote address 1.1
[mavros_node-1] [INFO] [1777332091.591961872] [cdrone.cdrone3.mavros.mavros_router]: link[1001] opened successfully
[mavros_node-1] [INFO] [1777332091.599221140] [cdrone.cdrone3.mavros.mavros]: UAS Executor started, threads: 6
[mavros_node-1] [INFO] [1777332091.671483290] [cdrone.cdrone3.mavros.mavros]: Plugin actuator_control created
[mavros_node-1] [INFO] [1777332091.671668731] [cdrone.cdrone3.mavros.mavros]: Plugin actuator_control initialized
[mavros_node-1] [INFO] [1777332091.790806313] [cdrone.cdrone3.mavros.mavros]: Plugin adsb created
[mavros_node-1] [INFO] [1777332091.791203627] [cdrone.cdrone3.mavros.mavros]: Plugin adsb initialized
[mavros_node-1] [INFO] [1777332091.815455811] [cdrone.cdrone3.mavros.mavros]: Plugin altitude created
[mavros_node-1] [INFO] [1777332091.815611972] [cdrone.cdrone3.mavros.mavros]: Plugin altitude initialized
[mavros_node-1] [INFO] [1777332091.835056644] [cdrone.cdrone3.mavros.mavros]: Plugin cam_imu_sync created
[mavros_node-1] [INFO] [1777332091.835192325] [cdrone.cdrone3.mavros.mavros]: Plugin cam_imu_sync initialized
[mavros_node-1] [INFO] [1777332091.875456588] [cdrone.cdrone3.mavros.mavros]: Plugin camera created
[mavros_node-1] [INFO] [1777332091.875676941] [cdrone.cdrone3.mavros.mavros]: Plugin camera initialized
[mavros_node-1] [INFO] [1777332091.909443733] [cdrone.cdrone3.mavros.mavros]: Plugin cellular_status created
[mavros_node-1] [INFO] [1777332091.910037111] [cdrone.cdrone3.mavros.mavros]: Plugin cellular_status initialized
[mavros_node-1] [INFO] [1777332091.999143217] [cdrone.cdrone3.mavros.mavros]: Plugin command created
[mavros_node-1] [INFO] [1777332092.000091286] [cdrone.cdrone3.mavros.mavros]: Plugin command initialized
[mavros_node-1] [INFO] [1777332092.067658761] [cdrone.cdrone3.mavros.mavros]: Plugin companion_process_status created
[mavros_node-1] [INFO] [1777332092.067803945] [cdrone.cdrone3.mavros.mavros]: Plugin companion_process_status initialized
[client_node-3] [INFO] [1777332092.095245139] [cdrone.cdrone3.vrpn_mocap.vrpn_mocap_client_node]: Created new tracker RigidBody4
[client_node-3] [INFO] [1777332092.095628021] [cdrone.cdrone3.vrpn_mocap.vrpn_mocap_client_node]: Created new tracker RigidBody3
[client_node-3] [INFO] [1777332092.107614225] [cdrone.cdrone3.vrpn_mocap.vrpn_mocap_client_node]: Creating sensor 0
[client_node-3] [INFO] [1777332092.108262069] [cdrone.cdrone3.vrpn_mocap.vrpn_mocap_client_node]: Creating sensor 0
[mavros_node-1] [INFO] [1777332092.113057325] [cdrone.cdrone3.mavros.mavros]: Plugin debug_value created
[mavros_node-1] [INFO] [1777332092.113948465] [cdrone.cdrone3.mavros.mavros]: Plugin debug_value initialized
[mavros_node-1] [INFO] [1777332092.175800104] [cdrone.cdrone3.mavros.distance_sensor]: DS: rangefinder_pub: Loading config: id: 0
[mavros_node-1] frame_id: lidar
[mavros_node-1] field_of_view: 0.0
[mavros_node-1] send_tf: false
[mavros_node-1] sensor_position: {x: 0.0, y: 0.0, z: -0.1}
[mavros_node-1] [INFO] [1777332092.182641962] [cdrone.cdrone3.mavros.distance_sensor]: DS: rangefinder_sub: Loading config: subscriber: true
[mavros_node-1] id: 1
[mavros_node-1] orientation: PITCH_270
[mavros_node-1] [INFO] [1777332092.190558706] [cdrone.cdrone3.mavros.mavros]: Plugin distance_sensor created
[mavros_node-1] [INFO] [1777332092.191498711] [cdrone.cdrone3.mavros.mavros]: Plugin distance_sensor initialized
[mavros_node-1] [INFO] [1777332092.326825310] [cdrone.cdrone3.mavros.mavros]: Plugin esc_status created
[mavros_node-1] [INFO] [1777332092.326962591] [cdrone.cdrone3.mavros.mavros]: Plugin esc_status initialized
[external_pose_adapter_node-4] [INFO] [1777332092.332820092] [cdrone.cdrone3.external_pose_adapter_node]: External pose adapter started: /cdrone/cdrone3/vrpn_mocap/RigidBody3/pose -> /cdrone/cdrone3/external_pose/input_pose (source_qos=best_effort)
[mavros_node-1] [INFO] [1777332092.371953153] [cdrone.cdrone3.mavros.mavros]: Plugin esc_telemetry created
[mavros_node-1] [INFO] [1777332092.372101089] [cdrone.cdrone3.mavros.mavros]: Plugin esc_telemetry initialized
[mavros_node-1] [INFO] [1777332092.426950901] [cdrone.cdrone3.mavros.mavros]: Plugin fake_gps created
[mavros_node-1] [INFO] [1777332092.427064853] [cdrone.cdrone3.mavros.mavros]: Plugin fake_gps initialized
[drone_setup_node-2] [INFO] [1777332092.433727607] [cdrone.cdrone3.drone_setup]: Drone setup node started: /cdrone/cdrone3/mavros/global_position/set_gp_origin, /cdrone/cdrone3/mavros/home_position/set; origin=(0.0000000, 0.0000000, 17.1637m) home=(0.000, 0.000, 0.000)
[drone_setup_node-2] [WARN] [1777332092.434806204] [cdrone.cdrone3.drone_setup]: Using a synthetic indoor global origin at lat/lon 0,0. This is acceptable for bench indoor EV use, but replace it with the lab's real lat/lon/ellipsoid altitude for production.
[mavros_node-1] [INFO] [1777332092.494799402] [cdrone.cdrone3.mavros.mavros]: Plugin ftp created
[mavros_node-1] [INFO] [1777332092.494953226] [cdrone.cdrone3.mavros.mavros]: Plugin ftp initialized
[external_pose_debug_node-6] [INFO] [1777332092.529394871] [cdrone.cdrone3.external_pose_debug_node]: External pose debug started: /cdrone/cdrone3/vrpn_mocap/RigidBody3/pose -> /cdrone/cdrone3/external_pose/input_pose -> /cdrone/cdrone3/mavros/vision_pose/pose; local=/cdrone/cdrone3/mavros/local_position/pose; source_qos=best_effort
[external_pose_bridge_node-5] [INFO] [1777332092.567934489] [cdrone.cdrone3.external_pose_bridge_node]: External pose bridge started: /cdrone/cdrone3/external_pose/input_pose, /cdrone/cdrone3/vio/input_pose -> /cdrone/cdrone3/mavros/vision_pose/pose
[mavros_node-1] [INFO] [1777332092.574643771] [cdrone.cdrone3.mavros.mavros]: Plugin geofence created
[mavros_node-1] [INFO] [1777332092.574893852] [cdrone.cdrone3.mavros.mavros]: Plugin geofence initialized
[mavros_velocity_node-8] [INFO] [1777332092.646417219] [cdrone.cdrone3.mavros_velocity_node]: MAVROS velocity node started.
[mavros_node-1] [INFO] [1777332092.699345741] [cdrone.cdrone3.mavros.mavros]: Plugin gimbal_control created
[mavros_node-1] [INFO] [1777332092.699526862] [cdrone.cdrone3.mavros.mavros]: Plugin gimbal_control initialized
[mavros_node-1] [INFO] [1777332092.887410141] [cdrone.cdrone3.mavros.mavros]: Plugin global_position created
[mavros_node-1] [INFO] [1777332092.887605406] [cdrone.cdrone3.mavros.mavros]: Plugin global_position initialized
[mavros_node-1] [INFO] [1777332092.922084619] [cdrone.cdrone3.mavros.mavros]: Plugin gps_input created
[mavros_node-1] [INFO] [1777332092.922211596] [cdrone.cdrone3.mavros.mavros]: Plugin gps_input initialized
[mavros_node-1] [INFO] [1777332092.954984144] [cdrone.cdrone3.mavros.mavros]: Plugin gps_rtk created
[mavros_node-1] [INFO] [1777332092.955110545] [cdrone.cdrone3.mavros.mavros]: Plugin gps_rtk initialized
[mavros_node-1] [INFO] [1777332092.991485480] [cdrone.cdrone3.mavros.mavros]: Plugin gps_status created
[mavros_node-1] [INFO] [1777332092.991680233] [cdrone.cdrone3.mavros.mavros]: Plugin gps_status initialized
[mavros_node-1] [INFO] [1777332092.991719529] [cdrone.cdrone3.mavros.mavros]: Plugin guided_target ignored
[mavros_node-1] [INFO] [1777332093.044177619] [cdrone.cdrone3.mavros.mavros]: Plugin hil created
[mavros_node-1] [INFO] [1777332093.044358228] [cdrone.cdrone3.mavros.mavros]: Plugin hil initialized
[mavros_node-1] [INFO] [1777332093.088932375] [cdrone.cdrone3.mavros.mavros]: Plugin home_position created
[mavros_node-1] [INFO] [1777332093.089064248] [cdrone.cdrone3.mavros.mavros]: Plugin home_position initialized
[mavros_node-1] [INFO] [1777332093.149894093] [cdrone.cdrone3.mavros.mavros]: Plugin imu created
[mavros_node-1] [INFO] [1777332093.150043310] [cdrone.cdrone3.mavros.mavros]: Plugin imu initialized
[mavros_node-1] [INFO] [1777332093.197695488] [cdrone.cdrone3.mavros.mavros]: Plugin landing_target created
[mavros_node-1] [INFO] [1777332093.197826977] [cdrone.cdrone3.mavros.mavros]: Plugin landing_target initialized
[milestone3_demo_sequence_node-9] [INFO] [1777332093.243110567] [cdrone.cdrone3.milestone3_demo_sequence_node]: Loaded perimeter guard: drone_studio_perimeter.yaml frame=map keep_outs=1
[milestone3_demo_sequence_node-9] [INFO] [1777332093.248208801] [cdrone.cdrone3.milestone3_demo_sequence_node]: Loaded pre-takeoff profile: milestone3_takeoff_baseline_v1 params=10
[mavros_node-1] [INFO] [1777332093.251091248] [cdrone.cdrone3.mavros.mavros]: Plugin local_position created
[mavros_node-1] [INFO] [1777332093.251215377] [cdrone.cdrone3.mavros.mavros]: Plugin local_position initialized
[milestone3_demo_sequence_node-9] [INFO] [1777332093.252117973] [cdrone.cdrone3.milestone3_demo_sequence_node]: Loaded speed profile: fun_speed_profile params=9
[milestone3_demo_sequence_node-9] [INFO] [1777332093.253901790] [cdrone.cdrone3.milestone3_demo_sequence_node]: Milestone 3 demo sequence node started. tracks=/cdrone/cdrone3/perception/tracks cmd_vel=/cdrone/cdrone3/control/cmd_vel_body state_topic=/cdrone/cdrone3/engagement/state
[mavros_node-1] [INFO] [1777332093.293860490] [cdrone.cdrone3.mavros.mavros]: Plugin log_transfer created
[mavros_node-1] [INFO] [1777332093.295441330] [cdrone.cdrone3.mavros.mavros]: Plugin log_transfer initialized
[mavros_node-1] [INFO] [1777332093.326906290] [cdrone.cdrone3.mavros.mavros]: Plugin mag_calibration_status created
[mavros_node-1] [INFO] [1777332093.327047891] [cdrone.cdrone3.mavros.mavros]: Plugin mag_calibration_status initialized
[mavros_node-1] [INFO] [1777332093.363416620] [cdrone.cdrone3.mavros.mavros]: Plugin manual_control created
[mavros_node-1] [INFO] [1777332093.363545036] [cdrone.cdrone3.mavros.mavros]: Plugin manual_control initialized
[mavros_node-1] [INFO] [1777332093.393697926] [cdrone.cdrone3.mavros.mavros]: Plugin mocap_pose_estimate created
[mavros_node-1] [INFO] [1777332093.393823399] [cdrone.cdrone3.mavros.mavros]: Plugin mocap_pose_estimate initialized
[mavros_node-1] [INFO] [1777332093.450832553] [cdrone.cdrone3.mavros.mavros]: Plugin mount_control created
[mavros_node-1] [INFO] [1777332093.451023850] [cdrone.cdrone3.mavros.mavros]: Plugin mount_control initialized
[mavros_node-1] [INFO] [1777332093.486786880] [cdrone.cdrone3.mavros.mavros]: Plugin nav_controller_output created
[mavros_node-1] [INFO] [1777332093.488896074] [cdrone.cdrone3.mavros.mavros]: Plugin nav_controller_output initialized
[mavros_node-1] [INFO] [1777332093.529405785] [cdrone.cdrone3.mavros.mavros]: Plugin obstacle_distance created
[mavros_node-1] [INFO] [1777332093.529624570] [cdrone.cdrone3.mavros.mavros]: Plugin obstacle_distance initialized
[mavros_node-1] [INFO] [1777332093.583642189] [cdrone.cdrone3.mavros.mavros]: Plugin obstacle_distance_3d created
[mavros_node-1] [INFO] [1777332093.584404944] [cdrone.cdrone3.mavros.mavros]: Plugin obstacle_distance_3d initialized
[mavros_node-1] [INFO] [1777332093.584445521] [cdrone.cdrone3.mavros.mavros]: Plugin odometry ignored
[mavros_node-1] [INFO] [1777332093.629426230] [cdrone.cdrone3.mavros.mavros]: Plugin onboard_computer_status created
[mavros_node-1] [INFO] [1777332093.629547574] [cdrone.cdrone3.mavros.mavros]: Plugin onboard_computer_status initialized
[mavros_node-1] [INFO] [1777332093.681822496] [cdrone.cdrone3.mavros.mavros]: Plugin open_drone_id created
[mavros_node-1] [INFO] [1777332093.682086882] [cdrone.cdrone3.mavros.mavros]: Plugin open_drone_id initialized
[mavros_node-1] [INFO] [1777332093.719267487] [cdrone.cdrone3.mavros.mavros]: Plugin optical_flow created
[mavros_node-1] [INFO] [1777332093.719681025] [cdrone.cdrone3.mavros.mavros]: Plugin optical_flow initialized
[mavros_node-1] [INFO] [1777332093.764241668] [cdrone.cdrone3.mavros.mavros]: Plugin param created
[mavros_node-1] [INFO] [1777332093.764385444] [cdrone.cdrone3.mavros.mavros]: Plugin param initialized
[mavros_node-1] [INFO] [1777332093.809260841] [cdrone.cdrone3.mavros.mavros]: Plugin play_tune created
[mavros_node-1] [INFO] [1777332093.809386505] [cdrone.cdrone3.mavros.mavros]: Plugin play_tune initialized
[mavros_node-1] [INFO] [1777332093.877383331] [cdrone.cdrone3.mavros.mavros]: Plugin px4flow created
[mavros_node-1] [INFO] [1777332093.877524708] [cdrone.cdrone3.mavros.mavros]: Plugin px4flow initialized
[mavros_node-1] [INFO] [1777332093.937565942] [cdrone.cdrone3.mavros.mavros]: Plugin rallypoint created
[mavros_node-1] [INFO] [1777332093.937726007] [cdrone.cdrone3.mavros.mavros]: Plugin rallypoint initialized
[mavros_node-1] [INFO] [1777332093.984859110] [cdrone.cdrone3.mavros.mavros]: Plugin rangefinder created
[mavros_node-1] [INFO] [1777332093.984996871] [cdrone.cdrone3.mavros.mavros]: Plugin rangefinder initialized
[mavros_node-1] [INFO] [1777332094.036813617] [cdrone.cdrone3.mavros.mavros]: Plugin rc_io created
[mavros_node-1] [INFO] [1777332094.036990866] [cdrone.cdrone3.mavros.mavros]: Plugin rc_io initialized
[mavros_node-1] [INFO] [1777332094.077531491] [cdrone.cdrone3.mavros.mavros]: Plugin setpoint_accel created
[mavros_node-1] [INFO] [1777332094.077651876] [cdrone.cdrone3.mavros.mavros]: Plugin setpoint_accel initialized
[mavros_node-1] [INFO] [1777332094.116330411] [cdrone.cdrone3.mavros.mavros]: Plugin setpoint_attitude created
[mavros_node-1] [INFO] [1777332094.116525932] [cdrone.cdrone3.mavros.mavros]: Plugin setpoint_attitude initialized
[mavros_node-1] [INFO] [1777332094.160916401] [cdrone.cdrone3.mavros.mavros]: Plugin setpoint_position created
[mavros_node-1] [INFO] [1777332094.161046194] [cdrone.cdrone3.mavros.mavros]: Plugin setpoint_position initialized
[mavros_node-1] [INFO] [1777332094.212029593] [cdrone.cdrone3.mavros.mavros]: Plugin setpoint_raw created
[mavros_node-1] [INFO] [1777332094.212176089] [cdrone.cdrone3.mavros.mavros]: Plugin setpoint_raw initialized
[mavros_node-1] [INFO] [1777332094.259725679] [cdrone.cdrone3.mavros.mavros]: Plugin setpoint_trajectory created
[mavros_node-1] [INFO] [1777332094.259855631] [cdrone.cdrone3.mavros.mavros]: Plugin setpoint_trajectory initialized
[mavros_node-1] [INFO] [1777332094.302513195] [cdrone.cdrone3.mavros.mavros]: Plugin setpoint_velocity created
[mavros_node-1] [INFO] [1777332094.302639564] [cdrone.cdrone3.mavros.mavros]: Plugin setpoint_velocity initialized
[mavros_node-1] [INFO] [1777332094.350814148] [cdrone.cdrone3.mavros.mavros]: Plugin sim_state created
[mavros_node-1] [INFO] [1777332094.351049894] [cdrone.cdrone3.mavros.mavros]: Plugin sim_state initialized
[mavros_node-1] [INFO] [1777332094.429169432] [cdrone.cdrone3.mavros.mavros]: Plugin sys_status created
[mavros_node-1] [INFO] [1777332094.430883361] [cdrone.cdrone3.mavros.mavros]: Plugin sys_status initialized
[mavros_node-1] [INFO] [1777332094.475837481] [cdrone.cdrone3.mavros.time]: TM: Timesync mode: MAVLINK
[mavros_node-1] [INFO] [1777332094.491343513] [cdrone.cdrone3.mavros.mavros]: Plugin sys_time created
[mavros_node-1] [INFO] [1777332094.492455935] [cdrone.cdrone3.mavros.mavros]: Plugin sys_time initialized
[mavros_node-1] [INFO] [1777332094.556661770] [cdrone.cdrone3.mavros.mavros]: Plugin tdr_radio created
[mavros_node-1] [INFO] [1777332094.556830603] [cdrone.cdrone3.mavros.mavros]: Plugin tdr_radio initialized
[mavros_node-1] [INFO] [1777332094.620894005] [cdrone.cdrone3.mavros.mavros]: Plugin terrain created
[mavros_node-1] [INFO] [1777332094.621033238] [cdrone.cdrone3.mavros.mavros]: Plugin terrain initialized
[mavros_node-1] [INFO] [1777332094.684615070] [cdrone.cdrone3.mavros.mavros]: Plugin trajectory created
[mavros_node-1] [INFO] [1777332094.684896447] [cdrone.cdrone3.mavros.mavros]: Plugin trajectory initialized
[mavros_node-1] [INFO] [1777332094.745297079] [cdrone.cdrone3.mavros.mavros]: Plugin tunnel created
[mavros_node-1] [INFO] [1777332094.745651544] [cdrone.cdrone3.mavros.mavros]: Plugin tunnel initialized
[mavros_node-1] [INFO] [1777332094.804080902] [cdrone.cdrone3.mavros.mavros]: Plugin vfr_hud created
[mavros_node-1] [INFO] [1777332094.804222630] [cdrone.cdrone3.mavros.mavros]: Plugin vfr_hud initialized
[mavros_node-1] [INFO] [1777332094.864100315] [cdrone.cdrone3.mavros.mavros]: Plugin vibration created
[mavros_node-1] [INFO] [1777332094.864250588] [cdrone.cdrone3.mavros.mavros]: Plugin vibration initialized
[mavros_node-1] [INFO] [1777332094.934553254] [cdrone.cdrone3.mavros.mavros]: Plugin vision_pose created
[mavros_node-1] [INFO] [1777332094.934675079] [cdrone.cdrone3.mavros.mavros]: Plugin vision_pose initialized
[mavros_node-1] [INFO] [1777332095.006251576] [cdrone.cdrone3.mavros.mavros]: Plugin vision_speed created
[mavros_node-1] [INFO] [1777332095.006555674] [cdrone.cdrone3.mavros.mavros]: Plugin vision_speed initialized
[mavros_node-1] [INFO] [1777332095.093157982] [cdrone.cdrone3.mavros.mavros]: Plugin waypoint created
[mavros_node-1] [INFO] [1777332095.093508640] [cdrone.cdrone3.mavros.mavros]: Plugin waypoint initialized
[mavros_node-1] [INFO] [1777332095.093557216] [cdrone.cdrone3.mavros.mavros]: Plugin wheel_odometry ignored
[mavros_node-1] [INFO] [1777332095.154565887] [cdrone.cdrone3.mavros.mavros]: Plugin wind_estimation created
[mavros_node-1] [INFO] [1777332095.157657391] [cdrone.cdrone3.mavros.mavros]: Plugin wind_estimation initialized
[mavros_node-1] [INFO] [1777332095.164290290] [cdrone.cdrone3.mavros.mavros]: Built-in SIMD instructions: ARM NEON
[mavros_node-1] [INFO] [1777332095.164380786] [cdrone.cdrone3.mavros.mavros]: Built-in MAVLink package version: 2026.3.3
[mavros_node-1] [INFO] [1777332095.164396883] [cdrone.cdrone3.mavros.mavros]: Known MAVLink dialects: common ardupilotmega ASLUAV AVSSUAS all csAirLink cubepilot development icarous loweheiser marsh matrixpilot paparazzi standard stemstudios storm32 uAvionix ualberta
[mavros_node-1] [INFO] [1777332095.164409203] [cdrone.cdrone3.mavros.mavros]: MAVROS UAS via /uas1 started. MY ID 1.191, TARGET ID 1.1
[mavros_node-1] [INFO] [1777332095.172012602] [cdrone.cdrone3.mavros.imu]: IMU: High resolution IMU detected!
[mavros_node-1] [INFO] [1777332095.172384316] [cdrone.cdrone3.mavros.imu]: IMU: Attitude quaternion IMU detected!
[mavros_node-1] [INFO] [1777332095.176701331] [cdrone.cdrone3.mavros.mavros_router]: link[1001] detected remote address 1.191
[mavros_node-1] [INFO] [1777332095.182469361] [cdrone.cdrone3.mavros.mavros_router]: link[1001] detected remote address 1.197
[mavros_node-1] [INFO] [1777332095.206394958] [cdrone.cdrone3.mavros.rc]: RC_CHANNELS message detected!
[mavros_node-1] [INFO] [1777332095.212073964] [cdrone.cdrone3.mavros.sys]: FCU: EVENT 10716939 with args -0-0-0-0-0-0-0-0-0-0-0-0-0-0-0-0-0-0-0-0-0-0-0-0-0-0-0-0-0-0-0-0-0-0-0-0-0-0-0-0-
[mavros_node-1] [INFO] [1777332095.320177312] [cdrone.cdrone3.mavros.mavros]: CON: Got HEARTBEAT, connected. FCU: PX4 Autopilot
[mavros_node-1] [INFO] [1777332095.320420162] [cdrone.cdrone3.mavros.mission]: WP: detected enable_partial_push: 0
[mavros_node-1] [INFO] [1777332095.320813956] [cdrone.cdrone3.mavros.mavros_router]: link[1000] detected remote address 254.0
[drone_setup_node-2] [INFO] [1777332095.323392369] [cdrone.cdrone3.drone_setup]: FCU connected; publishing indoor global origin and home position
[mavros_velocity_node-8] [INFO] [1777332095.324755544] [cdrone.cdrone3.mavros_velocity_node]: Mode changed:  → CMODE(393216)
[mavros_node-1] [INFO] [1777332095.324963225] [cdrone.cdrone3.mavros.imu]: IMU: High resolution IMU detected!
[mavros_node-1] [INFO] [1777332095.325318171] [cdrone.cdrone3.mavros.imu]: IMU: Attitude quaternion IMU detected!
[drone_setup_node-2] [INFO] [1777332095.389868268] [cdrone.cdrone3.drone_setup]: Publishing indoor reference setup (attempt 1): global_origin_ready=False home_position_ready=False
[mavros_node-1] [WARN] [1777332095.396685008] [cdrone.cdrone3.mavros.sys]: FCU: UNK(8): EVENT 11047904 with args -0-0-0-18-1-128-0-0-0-128-59-1-128-128-59-1-128-0-0-0-0-0-0-0-0-0-0-0-0-0-0-0-0-0-0-0-0-0-0-0-
[mavros_node-1] [ERROR] [1777332095.397079410] [cdrone.cdrone3.mavros.sys]: FCU: EVENT 13835193 with args -124-0-126-0-17-0-0-0-0-0-0-0-0-0-0-0-0-0-0-0-0-0-0-0-0-0-0-0-0-0-0-0-0-0-0-0-0-0-0-0-
[mavros_node-1] [ERROR] [1777332095.397474164] [cdrone.cdrone3.mavros.sys]: FCU: EVENT 10011251 with args -56-0-0-0-24-0-0-0-0-0-0-0-0-0-0-0-0-0-0-0-0-0-0-0-0-0-0-0-0-0-0-0-0-0-0-0-0-0-0-0-
[mavros_node-1] [INFO] [1777332095.397779414] [cdrone.cdrone3.mavros.sys]: FCU: EVENT 377561 with args -8-0-0-0-20-0-0-0-0-0-0-0-0-0-0-0-0-0-0-0-0-0-0-0-0-0-0-0-0-0-0-0-0-0-0-0-0-0-0-0-
[mavros_node-1] [ERROR] [1777332095.398042455] [cdrone.cdrone3.mavros.sys]: FCU: EVENT 3087815 with args -0-64-0-0-20-0-0-0-0-0-0-0-0-0-0-0-0-0-0-0-0-0-0-0-0-0-0-0-0-0-0-0-0-0-0-0-0-0-0-0-
[mavros_node-1] [WARN] [1777332095.398319353] [cdrone.cdrone3.mavros.sys]: FCU: EVENT 453929 with args -255-255-255-255-7-0-0-0-0-0-0-0-0-0-0-0-0-0-0-0-0-0-0-0-0-0-0-0-0-0-0-0-0-0-0-0-0-0-0-0-
[mavros_node-1] [INFO] [1777332095.398556346] [cdrone.cdrone3.mavros.sys]: FCU: EVENT 6801787 with args -255-255-255-255-12-0-0-0-0-0-0-0-0-0-0-0-0-0-0-0-0-0-0-0-0-0-0-0-0-0-0-0-0-0-0-0-0-0-0-0-
[mavros_node-1] [WARN] [1777332095.399028540] [cdrone.cdrone3.mavros.sys]: FCU: UNK(8): EVENT 1914663 with args -0-2-0-2-56-0-0-0-0-0-0-0-0-0-0-0-0-0-0-0-0-0-0-0-0-0-0-0-0-0-0-0-0-0-0-0-0-0-0-0-
[mavros_node-1] [INFO] [1777332095.413974666] [cdrone.cdrone3.mavros.rc]: RC_CHANNELS message detected!
[mavros_velocity_node-8] [INFO] [1777332096.321249603] [cdrone.cdrone3.mavros_velocity_node]: Mode changed: CMODE(393216) → OFFBOARD
[mavros_node-1] [INFO] [1777332096.339888870] [cdrone.cdrone3.mavros.geofence]: GF: Using MISSION_ITEM_INT
[mavros_node-1] [INFO] [1777332096.340051079] [cdrone.cdrone3.mavros.rallypoint]: RP: Using MISSION_ITEM_INT
[mavros_node-1] [INFO] [1777332096.340095943] [cdrone.cdrone3.mavros.mission]: WP: Using MISSION_ITEM_INT
[mavros_node-1] [INFO] [1777332096.340127815] [cdrone.cdrone3.mavros.sys]: VER: 1.1: Capabilities         0x000000000000e8ff
[mavros_node-1] [INFO] [1777332096.340163144] [cdrone.cdrone3.mavros.sys]: VER: 1.1: Flight software:     011000ff (6ea3539157000000)
[mavros_node-1] [INFO] [1777332096.340183336] [cdrone.cdrone3.mavros.sys]: VER: 1.1: Middleware software: 011000ff (6ea3539157000000)
[mavros_node-1] [INFO] [1777332096.340199208] [cdrone.cdrone3.mavros.sys]: VER: 1.1: OS software:         0b0000ff (886acbbdb4f061e5)
[mavros_node-1] [INFO] [1777332096.340213000] [cdrone.cdrone3.mavros.sys]: VER: 1.1: Board hardware:      00000039
[mavros_node-1] [INFO] [1777332096.340227080] [cdrone.cdrone3.mavros.sys]: VER: 1.1: VID/PID:             3185:0039
[mavros_node-1] [INFO] [1777332096.340240296] [cdrone.cdrone3.mavros.sys]: VER: 1.1: UID:                 3333510833383530
[mavros_node-1] [WARN] [1777332096.343212088] [cdrone.cdrone3.mavros.cmd]: CMD: Unexpected command 520, result 0
[drone_setup_node-2] [INFO] [1777332096.390448082] [cdrone.cdrone3.drone_setup]: Indoor global origin and home position are confirmed by MAVROS
[mavros_node-1] [WARN] [1777332097.496112461] [cdrone.cdrone3.mavros.sys]: FCU: UNK(8): EVENT 11047904 with args -0-0-0-0-0-128-0-0-0-176-123-127-128-176-123-127-128-0-0-0-0-0-0-0-0-0-0-0-0-0-0-0-0-0-0-0-0-0-0-0-
[mavros_node-1] [INFO] [1777332097.496612496] [cdrone.cdrone3.mavros.sys]: FCU: EVENT 377561 with args -8-0-0-0-20-0-0-0-0-0-0-0-0-0-0-0-0-0-0-0-0-0-0-0-0-0-0-0-0-0-0-0-0-0-0-0-0-0-0-0-
[mavros_node-1] [WARN] [1777332097.496990226] [cdrone.cdrone3.mavros.sys]: FCU: EVENT 453929 with args -255-255-255-255-7-0-0-0-0-0-0-0-0-0-0-0-0-0-0-0-0-0-0-0-0-0-0-0-0-0-0-0-0-0-0-0-0-0-0-0-
[mavros_node-1] [INFO] [1777332097.497339508] [cdrone.cdrone3.mavros.sys]: FCU: EVENT 6801787 with args -255-255-255-255-12-0-0-0-0-0-0-0-0-0-0-0-0-0-0-0-0-0-0-0-0-0-0-0-0-0-0-0-0-0-0-0-0-0-0-0-
[mavros_node-1] [WARN] [1777332097.498302489] [cdrone.cdrone3.mavros.sys]: FCU: UNK(8): EVENT 1914663 with args -0-2-0-2-56-0-0-0-0-0-0-0-0-0-0-0-0-0-0-0-0-0-0-0-0-0-0-0-0-0-0-0-0-0-0-0-0-0-0-0-
[realsense_tracker_node-7] [INFO] [1777332098.019793156] [cdrone.cdrone3.realsense_tracker_node]: Started direct RealSense pipeline: color=848x480@15, depth=848x480@15, align_depth_to_color=True, depth_scale_m=0.001000
[realsense_tracker_node-7] [INFO] [1777332098.046035731] [cdrone.cdrone3.realsense_tracker_node]: RealSense tracker started: source_mode=direct, model=/home/jetson/cdrone_control/models/16_k_and_drone_studio_realsense_images_model.engine, tracks=/cdrone/cdrone3/perception/tracks, world_tracks=/cdrone/cdrone3/perception/world_tracks, pose=/cdrone/cdrone3/vrpn_mocap/RigidBody3/pose, reid=on, motion_estimator=on, track_hold_s=0.50, world_track_compare=disabled, run_dir=disabled, tracks_csv=disabled, frames_csv=disabled
[realsense_tracker_node-7] Loading /home/jetson/cdrone_control/models/16_k_and_drone_studio_realsense_images_model.engine for TensorRT inference...
[realsense_tracker_node-7] [04/27/2026-16:21:39] [TRT] [I] Loaded engine size: 50 MiB
[realsense_tracker_node-7] [04/27/2026-16:21:39] [TRT] [W] Using an engine plan file across different models of devices is not recommended and is likely to affect performance or even cause errors.
[realsense_tracker_node-7] [04/27/2026-16:21:39] [TRT] [I] [MemUsageChange] TensorRT-managed allocation in IExecutionContext creation: CPU +1, GPU +36, now: CPU 1, GPU 83 (MiB)
[mavros_node-1] [WARN] [1777332109.566268667] [cdrone.cdrone3.mavros.param]: PR: request param #1066 timeout, retries left 2, and 6 params still missing
[mavros_node-1] [INFO] [1777332110.332767838] [cdrone.cdrone3.mavros.mission]: WP: mission received
[mavros_node-1] [INFO] [1777332115.322876268] [cdrone.cdrone3.mavros.rallypoint]: RP: mission received
[mavros_node-1] [INFO] [1777332120.331139107] [cdrone.cdrone3.mavros.geofence]: GF: mission received
[milestone3_demo_sequence_node-9] [INFO] [1777332126.460086133] [cdrone.cdrone3.milestone3_demo_sequence_node]: State IDLE -> SYNC_TAKEOFF_PARAM: start requested
[milestone3_demo_sequence_node-9] [INFO] [1777332126.466410147] [cdrone.cdrone3.milestone3_demo_sequence_node]: Requested current MIS_TAKEOFF_ALT
[milestone3_demo_sequence_node-9] [INFO] [1777332126.506268612] [cdrone.cdrone3.milestone3_demo_sequence_node]: MIS_TAKEOFF_ALT currently 1.50
[milestone3_demo_sequence_node-9] [INFO] [1777332126.512036558] [cdrone.cdrone3.milestone3_demo_sequence_node]: State SYNC_TAKEOFF_PARAM -> SYNC_PRE_TAKEOFF_PROFILE: takeoff altitude configured
[milestone3_demo_sequence_node-9] [INFO] [1777332126.564113671] [cdrone.cdrone3.milestone3_demo_sequence_node]: Requested MPC_XY_CRUISE=5.00
[milestone3_demo_sequence_node-9] [INFO] [1777332126.605732117] [cdrone.cdrone3.milestone3_demo_sequence_node]: Set pre-takeoff baseline MPC_XY_CRUISE to 5.00
[milestone3_demo_sequence_node-9] [INFO] [1777332126.608837196] [cdrone.cdrone3.milestone3_demo_sequence_node]: Requested MPC_XY_VEL_MAX=12.00
[milestone3_demo_sequence_node-9] [INFO] [1777332126.656113218] [cdrone.cdrone3.milestone3_demo_sequence_node]: Set pre-takeoff baseline MPC_XY_VEL_MAX to 12.00
[milestone3_demo_sequence_node-9] [INFO] [1777332126.658842390] [cdrone.cdrone3.milestone3_demo_sequence_node]: Requested MPC_ACC_HOR=3.00
[milestone3_demo_sequence_node-9] [INFO] [1777332126.705457768] [cdrone.cdrone3.milestone3_demo_sequence_node]: Set pre-takeoff baseline MPC_ACC_HOR to 3.00
[milestone3_demo_sequence_node-9] [INFO] [1777332126.709412549] [cdrone.cdrone3.milestone3_demo_sequence_node]: Requested MPC_JERK_AUTO=4.00
[milestone3_demo_sequence_node-9] [INFO] [1777332126.755953046] [cdrone.cdrone3.milestone3_demo_sequence_node]: Set pre-takeoff baseline MPC_JERK_AUTO to 4.00
[milestone3_demo_sequence_node-9] [INFO] [1777332126.760809017] [cdrone.cdrone3.milestone3_demo_sequence_node]: Requested MPC_JERK_MAX=8.00
[milestone3_demo_sequence_node-9] [INFO] [1777332126.808926806] [cdrone.cdrone3.milestone3_demo_sequence_node]: Set pre-takeoff baseline MPC_JERK_MAX to 8.00
[milestone3_demo_sequence_node-9] [INFO] [1777332126.812437935] [cdrone.cdrone3.milestone3_demo_sequence_node]: Requested MPC_Z_V_AUTO_UP=3.00
[milestone3_demo_sequence_node-9] [INFO] [1777332126.855864170] [cdrone.cdrone3.milestone3_demo_sequence_node]: Set pre-takeoff baseline MPC_Z_V_AUTO_UP to 3.00
[milestone3_demo_sequence_node-9] [INFO] [1777332126.859987848] [cdrone.cdrone3.milestone3_demo_sequence_node]: Requested MPC_Z_V_AUTO_DN=1.50
[milestone3_demo_sequence_node-9] [INFO] [1777332126.907125246] [cdrone.cdrone3.milestone3_demo_sequence_node]: Set pre-takeoff baseline MPC_Z_V_AUTO_DN to 1.50
[milestone3_demo_sequence_node-9] [INFO] [1777332126.910575543] [cdrone.cdrone3.milestone3_demo_sequence_node]: Requested MPC_Z_VEL_MAX_DN=1.50
[milestone3_demo_sequence_node-9] [INFO] [1777332126.955593789] [cdrone.cdrone3.milestone3_demo_sequence_node]: Set pre-takeoff baseline MPC_Z_VEL_MAX_DN to 1.50
[milestone3_demo_sequence_node-9] [INFO] [1777332126.957958190] [cdrone.cdrone3.milestone3_demo_sequence_node]: Requested MPC_LAND_SPEED=0.70
[milestone3_demo_sequence_node-9] [INFO] [1777332127.006541007] [cdrone.cdrone3.milestone3_demo_sequence_node]: Set pre-takeoff baseline MPC_LAND_SPEED to 0.70
[milestone3_demo_sequence_node-9] [INFO] [1777332127.009304675] [cdrone.cdrone3.milestone3_demo_sequence_node]: Requested MPC_TKO_SPEED=1.50
[milestone3_demo_sequence_node-9] [INFO] [1777332127.057786341] [cdrone.cdrone3.milestone3_demo_sequence_node]: Set pre-takeoff baseline MPC_TKO_SPEED to 1.50
[milestone3_demo_sequence_node-9] [INFO] [1777332127.059358065] [cdrone.cdrone3.milestone3_demo_sequence_node]: State SYNC_PRE_TAKEOFF_PROFILE -> SET_TAKEOFF_MODE: pre-takeoff profile configured
[milestone3_demo_sequence_node-9] [INFO] [1777332127.106684683] [cdrone.cdrone3.milestone3_demo_sequence_node]: Requested mode AUTO.TAKEOFF
[mavros_node-1] [WARN] [1777332127.119651018] [cdrone.cdrone3.mavros.cmd]: CMD: Unexpected command 176, result 0
[milestone3_demo_sequence_node-9] [INFO] [1777332127.156580216] [cdrone.cdrone3.milestone3_demo_sequence_node]: Mode request accepted for AUTO.TAKEOFF
[mavros_velocity_node-8] [INFO] [1777332127.324904551] [cdrone.cdrone3.mavros_velocity_node]: Mode changed: OFFBOARD → AUTO.TAKEOFF
[milestone3_demo_sequence_node-9] [INFO] [1777332127.356414957] [cdrone.cdrone3.milestone3_demo_sequence_node]: State SET_TAKEOFF_MODE -> ARMING: AUTO.TAKEOFF confirmed
[milestone3_demo_sequence_node-9] [INFO] [1777332128.858355850] [cdrone.cdrone3.milestone3_demo_sequence_node]: Requested arm
[milestone3_demo_sequence_node-9] [INFO] [1777332128.906805647] [cdrone.cdrone3.milestone3_demo_sequence_node]: Arm request accepted
[mavros_node-1] [INFO] [1777332128.913776930] [cdrone.cdrone3.mavros.sys]: FCU: EVENT 9489139 with args -4-0-0-0-0-0-0-0-0-0-0-0-0-0-0-0-0-0-0-0-0-0-0-0-0-0-0-0-0-0-0-0-0-0-0-0-0-0-0-0-
[mavros_node-1] [INFO] [1777332128.914103301] [cdrone.cdrone3.mavros.sys]: FCU: EVENT 3878855 with args -0-0-192-63-0-0-0-0-0-0-0-0-0-0-0-0-0-0-0-0-0-0-0-0-0-0-0-0-0-0-0-0-0-0-0-0-0-0-0-0-
[mavros_node-1] [INFO] [1777332128.924067438] [cdrone.cdrone3.mavros.sys]: FCU: EVENT 1203183 with args -234-7-4-1-8-57-39-0-0-0-0-0-0-0-0-0-0-0-0-0-0-0-0-0-0-0-0-0-0-0-0-0-0-0-0-0-0-0-0-0-
[mavros_node-1] [WARN] [1777332129.025232250] [cdrone.cdrone3.mavros.sys]: FCU: UNK(8): EVENT 11047904 with args -0-0-0-0-0-128-0-0-0-176-123-127-128-176-123-127-128-0-0-0-0-0-0-0-0-0-0-0-0-0-0-0-0-0-0-0-0-0-0-0-
[mavros_node-1] [INFO] [1777332129.025543292] [cdrone.cdrone3.mavros.sys]: FCU: EVENT 377561 with args -8-0-0-0-20-0-0-0-0-0-0-0-0-0-0-0-0-0-0-0-0-0-0-0-0-0-0-0-0-0-0-0-0-0-0-0-0-0-0-0-
[mavros_node-1] [WARN] [1777332129.025755326] [cdrone.cdrone3.mavros.sys]: FCU: EVENT 453929 with args -255-255-255-255-7-0-0-0-0-0-0-0-0-0-0-0-0-0-0-0-0-0-0-0-0-0-0-0-0-0-0-0-0-0-0-0-0-0-0-0-
[mavros_node-1] [INFO] [1777332129.033446103] [cdrone.cdrone3.mavros.sys]: FCU: EVENT 6801787 with args -255-255-255-255-12-0-0-0-0-0-0-0-0-0-0-0-0-0-0-0-0-0-0-0-0-0-0-0-0-0-0-0-0-0-0-0-0-0-0-0-
[mavros_node-1] [WARN] [1777332129.035450022] [cdrone.cdrone3.mavros.sys]: FCU: UNK(8): EVENT 1914663 with args -0-2-4-2-56-0-0-0-0-0-0-0-0-0-0-0-0-0-0-0-0-0-0-0-0-0-0-0-0-0-0-0-0-0-0-0-0-0-0-0-
[mavros_velocity_node-8] [INFO] [1777332129.317617209] [cdrone.cdrone3.mavros_velocity_node]: Armed: True
[milestone3_demo_sequence_node-9] [INFO] [1777332129.357782404] [cdrone.cdrone3.milestone3_demo_sequence_node]: State ARMING -> TAKEOFF: vehicle armed; waiting for PX4 AUTO.TAKEOFF climb
[milestone3_demo_sequence_node-9] [INFO] [1777332129.406011306] [cdrone.cdrone3.milestone3_demo_sequence_node]: Takeoff progress: delta_z=0.00 m target_delta_z=1.50 m mode=AUTO.TAKEOFF armed=True
[milestone3_demo_sequence_node-9] [INFO] [1777332130.463538754] [cdrone.cdrone3.milestone3_demo_sequence_node]: Takeoff progress: delta_z=0.00 m target_delta_z=1.50 m mode=AUTO.TAKEOFF armed=True
[mavros_node-1] [INFO] [1777332130.578754434] [cdrone.cdrone3.mavros.sys]: FCU: EVENT 4277609 with args -0-0-0-0-0-0-0-0-0-0-0-0-0-0-0-0-0-0-0-0-0-0-0-0-0-0-0-0-0-0-0-0-0-0-0-0-0-0-0-0-
[milestone3_demo_sequence_node-9] [INFO] [1777332131.506349232] [cdrone.cdrone3.milestone3_demo_sequence_node]: Takeoff progress: delta_z=0.02 m target_delta_z=1.50 m mode=AUTO.TAKEOFF armed=True
[milestone3_demo_sequence_node-9] [INFO] [1777332132.559856852] [cdrone.cdrone3.milestone3_demo_sequence_node]: Takeoff progress: delta_z=0.08 m target_delta_z=1.50 m mode=AUTO.TAKEOFF armed=True
[external_pose_debug_node-6] [WARN] [1777332133.452199942] [cdrone.cdrone3.external_pose_debug_node]: source->local pos error 0.164m (dx=+0.007, dy=-0.013, dz=+0.164) src_z=0.161 local_z=0.325 src_minus_home=+0.037 local_minus_home=+0.201; source->local vertical mismatch dz=+0.164m src_minus_home=+0.037 local_minus_home=+0.201
[milestone3_demo_sequence_node-9] [INFO] [1777332133.606845419] [cdrone.cdrone3.milestone3_demo_sequence_node]: Takeoff progress: delta_z=0.23 m target_delta_z=1.50 m mode=AUTO.TAKEOFF armed=True
[external_pose_debug_node-6] [WARN] [1777332134.455767463] [cdrone.cdrone3.external_pose_debug_node]: source->local pos error 0.144m (dx=+0.008, dy=+0.002, dz=+0.144) src_z=0.385 local_z=0.528 src_minus_home=+0.261 local_minus_home=+0.404; source->local vertical mismatch dz=+0.144m src_minus_home=+0.261 local_minus_home=+0.404
[milestone3_demo_sequence_node-9] [INFO] [1777332134.657988806] [cdrone.cdrone3.milestone3_demo_sequence_node]: Takeoff progress: delta_z=0.46 m target_delta_z=1.50 m mode=AUTO.TAKEOFF armed=True
[milestone3_demo_sequence_node-9] [INFO] [1777332135.706381361] [cdrone.cdrone3.milestone3_demo_sequence_node]: Takeoff progress: delta_z=0.79 m target_delta_z=1.50 m mode=AUTO.TAKEOFF armed=True
[mavros_velocity_node-8] [INFO] [1777332136.325265481] [cdrone.cdrone3.mavros_velocity_node]: Mode changed: AUTO.TAKEOFF → AUTO.LOITER
[milestone3_demo_sequence_node-9] [WARN] [1777332136.356439999] [cdrone.cdrone3.milestone3_demo_sequence_node]: PX4 exited AUTO.TAKEOFF before the demo observed the target altitude; shortfall=0.62 m mode=AUTO.LOITER. Accepting handoff.
[milestone3_demo_sequence_node-9] [INFO] [1777332136.357581256] [cdrone.cdrone3.milestone3_demo_sequence_node]: State TAKEOFF -> WARMUP_OFFBOARD: PX4 handed off to AUTO.LOITER during takeoff
[milestone3_demo_sequence_node-9] [INFO] [1777332137.906346535] [cdrone.cdrone3.milestone3_demo_sequence_node]: State WARMUP_OFFBOARD -> SET_OFFBOARD_MODE: offboard warmup complete
[milestone3_demo_sequence_node-9] [INFO] [1777332137.957304443] [cdrone.cdrone3.milestone3_demo_sequence_node]: Requested mode OFFBOARD
[mavros_node-1] [WARN] [1777332137.966832391] [cdrone.cdrone3.mavros.cmd]: CMD: Unexpected command 176, result 0
[milestone3_demo_sequence_node-9] [INFO] [1777332138.008321424] [cdrone.cdrone3.milestone3_demo_sequence_node]: Mode request accepted for OFFBOARD
[mavros_velocity_node-8] [INFO] [1777332138.318809188] [cdrone.cdrone3.mavros_velocity_node]: Mode changed: AUTO.LOITER → OFFBOARD
[milestone3_demo_sequence_node-9] [INFO] [1777332138.356769780] [cdrone.cdrone3.milestone3_demo_sequence_node]: State SET_OFFBOARD_MODE -> SYNC_SPEED_PROFILE: OFFBOARD confirmed
[milestone3_demo_sequence_node-9] [INFO] [1777332138.411308040] [cdrone.cdrone3.milestone3_demo_sequence_node]: Requested current MPC_XY_CRUISE
[milestone3_demo_sequence_node-9] [INFO] [1777332138.455392105] [cdrone.cdrone3.milestone3_demo_sequence_node]: MPC_XY_CRUISE currently 5.00
[milestone3_demo_sequence_node-9] [INFO] [1777332138.460475378] [cdrone.cdrone3.milestone3_demo_sequence_node]: Requested MPC_XY_CRUISE=3.00
[milestone3_demo_sequence_node-9] [INFO] [1777332138.508072079] [cdrone.cdrone3.milestone3_demo_sequence_node]: Set MPC_XY_CRUISE to 3.00
[milestone3_demo_sequence_node-9] [INFO] [1777332138.512110383] [cdrone.cdrone3.milestone3_demo_sequence_node]: Requested current MPC_XY_VEL_MAX
[milestone3_demo_sequence_node-9] [INFO] [1777332138.556210032] [cdrone.cdrone3.milestone3_demo_sequence_node]: MPC_XY_VEL_MAX currently 12.00
[milestone3_demo_sequence_node-9] [INFO] [1777332138.560871765] [cdrone.cdrone3.milestone3_demo_sequence_node]: Requested MPC_XY_VEL_MAX=6.00
[milestone3_demo_sequence_node-9] [INFO] [1777332138.605414617] [cdrone.cdrone3.milestone3_demo_sequence_node]: Set MPC_XY_VEL_MAX to 6.00
[milestone3_demo_sequence_node-9] [INFO] [1777332138.607858253] [cdrone.cdrone3.milestone3_demo_sequence_node]: Requested current MPC_ACC_HOR
[milestone3_demo_sequence_node-9] [INFO] [1777332138.655349705] [cdrone.cdrone3.milestone3_demo_sequence_node]: MPC_ACC_HOR currently 3.00
[milestone3_demo_sequence_node-9] [INFO] [1777332138.663458538] [cdrone.cdrone3.milestone3_demo_sequence_node]: Requested MPC_ACC_HOR=2.00
[milestone3_demo_sequence_node-9] [INFO] [1777332138.706863653] [cdrone.cdrone3.milestone3_demo_sequence_node]: Set MPC_ACC_HOR to 2.00
[milestone3_demo_sequence_node-9] [INFO] [1777332138.713185784] [cdrone.cdrone3.milestone3_demo_sequence_node]: Requested current MPC_JERK_AUTO
[milestone3_demo_sequence_node-9] [INFO] [1777332138.755863085] [cdrone.cdrone3.milestone3_demo_sequence_node]: MPC_JERK_AUTO currently 4.00
[milestone3_demo_sequence_node-9] [INFO] [1777332138.760021134] [cdrone.cdrone3.milestone3_demo_sequence_node]: Requested MPC_JERK_AUTO=2.50
[milestone3_demo_sequence_node-9] [INFO] [1777332138.806139999] [cdrone.cdrone3.milestone3_demo_sequence_node]: Set MPC_JERK_AUTO to 2.50
[milestone3_demo_sequence_node-9] [INFO] [1777332138.808415122] [cdrone.cdrone3.milestone3_demo_sequence_node]: Requested current MPC_JERK_MAX
[milestone3_demo_sequence_node-9] [INFO] [1777332138.855934414] [cdrone.cdrone3.milestone3_demo_sequence_node]: MPC_JERK_MAX currently 8.00
[milestone3_demo_sequence_node-9] [INFO] [1777332138.862801157] [cdrone.cdrone3.milestone3_demo_sequence_node]: Requested MPC_JERK_MAX=5.00
[milestone3_demo_sequence_node-9] [INFO] [1777332138.905593243] [cdrone.cdrone3.milestone3_demo_sequence_node]: Set MPC_JERK_MAX to 5.00
[milestone3_demo_sequence_node-9] [INFO] [1777332138.908257040] [cdrone.cdrone3.milestone3_demo_sequence_node]: Requested current MPC_Z_V_AUTO_UP
[milestone3_demo_sequence_node-9] [INFO] [1777332138.955787021] [cdrone.cdrone3.milestone3_demo_sequence_node]: MPC_Z_V_AUTO_UP currently 3.00
[milestone3_demo_sequence_node-9] [INFO] [1777332138.958847589] [cdrone.cdrone3.milestone3_demo_sequence_node]: Requested MPC_Z_V_AUTO_UP=1.80
[milestone3_demo_sequence_node-9] [INFO] [1777332139.005785021] [cdrone.cdrone3.milestone3_demo_sequence_node]: Set MPC_Z_V_AUTO_UP to 1.80
[milestone3_demo_sequence_node-9] [INFO] [1777332139.008017007] [cdrone.cdrone3.milestone3_demo_sequence_node]: Requested current MPC_Z_V_AUTO_DN
[milestone3_demo_sequence_node-9] [INFO] [1777332139.055984657] [cdrone.cdrone3.milestone3_demo_sequence_node]: MPC_Z_V_AUTO_DN currently 1.50
[milestone3_demo_sequence_node-9] [INFO] [1777332139.058306628] [cdrone.cdrone3.milestone3_demo_sequence_node]: Requested MPC_Z_V_AUTO_DN=1.00
[milestone3_demo_sequence_node-9] [INFO] [1777332139.106873996] [cdrone.cdrone3.milestone3_demo_sequence_node]: Set MPC_Z_V_AUTO_DN to 1.00
[milestone3_demo_sequence_node-9] [INFO] [1777332139.111415088] [cdrone.cdrone3.milestone3_demo_sequence_node]: Requested current MPC_Z_VEL_MAX_DN
[milestone3_demo_sequence_node-9] [INFO] [1777332139.156688061] [cdrone.cdrone3.milestone3_demo_sequence_node]: MPC_Z_VEL_MAX_DN currently 1.50
[milestone3_demo_sequence_node-9] [INFO] [1777332139.160211226] [cdrone.cdrone3.milestone3_demo_sequence_node]: Requested MPC_Z_VEL_MAX_DN=1.00
[milestone3_demo_sequence_node-9] [INFO] [1777332139.205743497] [cdrone.cdrone3.milestone3_demo_sequence_node]: Set MPC_Z_VEL_MAX_DN to 1.00
[milestone3_demo_sequence_node-9] [INFO] [1777332139.208126748] [cdrone.cdrone3.milestone3_demo_sequence_node]: Requested current MPC_LAND_SPEED
[milestone3_demo_sequence_node-9] [INFO] [1777332139.255782300] [cdrone.cdrone3.milestone3_demo_sequence_node]: MPC_LAND_SPEED currently 0.70
[milestone3_demo_sequence_node-9] [INFO] [1777332139.258493586] [cdrone.cdrone3.milestone3_demo_sequence_node]: Requested MPC_LAND_SPEED=0.50
[milestone3_demo_sequence_node-9] [INFO] [1777332139.305723983] [cdrone.cdrone3.milestone3_demo_sequence_node]: Set MPC_LAND_SPEED to 0.50
[milestone3_demo_sequence_node-9] [INFO] [1777332139.307019001] [cdrone.cdrone3.milestone3_demo_sequence_node]: State SYNC_SPEED_PROFILE -> STAGE_HOVER: speed profile configured
[milestone3_demo_sequence_node-9] [INFO] [1777332141.357340309] [cdrone.cdrone3.milestone3_demo_sequence_node]: State STAGE_HOVER -> SEARCH: stage hover complete
[external_pose_debug_node-6] [WARN] [1777332144.454764906] [cdrone.cdrone3.external_pose_debug_node]: source->local pos error 0.110m (dx=+0.016, dy=+0.004, dz=+0.110) src_z=0.870 local_z=0.979 src_minus_home=+0.746 local_minus_home=+0.855; source->local vertical mismatch dz=+0.110m src_minus_home=+0.746 local_minus_home=+0.855
[external_pose_debug_node-6] [WARN] [1777332181.453157512] [cdrone.cdrone3.external_pose_debug_node]: source->local pos error 0.119m (dx=+0.007, dy=+0.003, dz=+0.119) src_z=0.126 local_z=0.245 src_minus_home=+0.001 local_minus_home=+0.121; source->local vertical mismatch dz=+0.119m src_minus_home=+0.001 local_minus_home=+0.121
[external_pose_debug_node-6] [WARN] [1777332183.452296957] [cdrone.cdrone3.external_pose_debug_node]: source->local pos error 0.117m (dx=+0.005, dy=+0.003, dz=+0.117) src_z=0.126 local_z=0.243 src_minus_home=+0.001 local_minus_home=+0.119; source->local vertical mismatch dz=+0.117m src_minus_home=+0.001 local_minus_home=+0.119
[milestone3_demo_sequence_node-9] [INFO] [1777332216.438233834] [cdrone.cdrone3.milestone3_demo_sequence_node]: State SEARCH -> ABORT: operator abort
[milestone3_demo_sequence_node-9] [INFO] [1777332216.459791095] [cdrone.cdrone3.milestone3_demo_sequence_node]: Requested mode AUTO.LAND
[mavros_node-1] [WARN] [1777332216.475678205] [cdrone.cdrone3.mavros.cmd]: CMD: Unexpected command 176, result 0
[milestone3_demo_sequence_node-9] [INFO] [1777332216.507337320] [cdrone.cdrone3.milestone3_demo_sequence_node]: Mode request accepted for AUTO.LAND
[milestone3_demo_sequence_node-9] [INFO] [1777332217.007469929] [cdrone.cdrone3.milestone3_demo_sequence_node]: Requested mode AUTO.LAND
[milestone3_demo_sequence_node-9] [INFO] [1777332217.055778854] [cdrone.cdrone3.milestone3_demo_sequence_node]: Mode request accepted for AUTO.LAND
[mavros_velocity_node-8] [INFO] [1777332217.317651160] [cdrone.cdrone3.mavros_velocity_node]: Mode changed: OFFBOARD → AUTO.LAND
[mavros_node-1] [INFO] [1777332218.057916631] [cdrone.cdrone3.mavros.sys]: FCU: EVENT 9844908 with args -0-0-0-0-0-0-0-0-0-0-0-0-0-0-0-0-0-0-0-0-0-0-0-0-0-0-0-0-0-0-0-0-0-0-0-0-0-0-0-0-
[mavros_node-1] [INFO] [1777332220.060472481] [cdrone.cdrone3.mavros.sys]: FCU: EVENT 16017271 with args -6-0-0-0-0-0-0-0-0-0-0-0-0-0-0-0-0-0-0-0-0-0-0-0-0-0-0-0-0-0-0-0-0-0-0-0-0-0-0-0-
[mavros_velocity_node-8] [INFO] [1777332220.317612896] [cdrone.cdrone3.mavros_velocity_node]: Mode changed: AUTO.LAND → OFFBOARD
[mavros_velocity_node-8] [INFO] [1777332220.318538348] [cdrone.cdrone3.mavros_velocity_node]: Armed: False
[mavros_node-1] [INFO] [1777332220.356728209] [cdrone.cdrone3.mavros.param]: PR: start force pull
[milestone3_demo_sequence_node-9] [INFO] [1777332220.357162294] [cdrone.cdrone3.milestone3_demo_sequence_node]: Requested FCU parameter pull (attempt 1)
[milestone3_demo_sequence_node-9] [INFO] [1777332223.505859287] [cdrone.cdrone3.milestone3_demo_sequence_node]: FCU parameter pull complete: 1075 params
[milestone3_demo_sequence_node-9] [INFO] [1777332223.516061562] [cdrone.cdrone3.milestone3_demo_sequence_node]: Requested MPC_XY_CRUISE=5.00
[milestone3_demo_sequence_node-9] [INFO] [1777332223.656141313] [cdrone.cdrone3.milestone3_demo_sequence_node]: Restored MPC_XY_CRUISE to 5.00
[milestone3_demo_sequence_node-9] [INFO] [1777332223.659040967] [cdrone.cdrone3.milestone3_demo_sequence_node]: Requested MPC_XY_VEL_MAX=12.00
[milestone3_demo_sequence_node-9] [INFO] [1777332223.706169060] [cdrone.cdrone3.milestone3_demo_sequence_node]: Restored MPC_XY_VEL_MAX to 12.00
[milestone3_demo_sequence_node-9] [INFO] [1777332223.708290879] [cdrone.cdrone3.milestone3_demo_sequence_node]: Requested MPC_ACC_HOR=3.00
[milestone3_demo_sequence_node-9] [INFO] [1777332223.755876931] [cdrone.cdrone3.milestone3_demo_sequence_node]: Restored MPC_ACC_HOR to 3.00
[milestone3_demo_sequence_node-9] [INFO] [1777332223.764994904] [cdrone.cdrone3.milestone3_demo_sequence_node]: Requested MPC_JERK_AUTO=4.00
[milestone3_demo_sequence_node-9] [INFO] [1777332223.805680035] [cdrone.cdrone3.milestone3_demo_sequence_node]: Restored MPC_JERK_AUTO to 4.00
[milestone3_demo_sequence_node-9] [INFO] [1777332223.807885887] [cdrone.cdrone3.milestone3_demo_sequence_node]: Requested MPC_JERK_MAX=8.00
[milestone3_demo_sequence_node-9] [INFO] [1777332223.906020588] [cdrone.cdrone3.milestone3_demo_sequence_node]: Restored MPC_JERK_MAX to 8.00
[milestone3_demo_sequence_node-9] [INFO] [1777332223.908387594] [cdrone.cdrone3.milestone3_demo_sequence_node]: Requested MPC_Z_V_AUTO_UP=3.00
[milestone3_demo_sequence_node-9] [INFO] [1777332223.960105922] [cdrone.cdrone3.milestone3_demo_sequence_node]: Restored MPC_Z_V_AUTO_UP to 3.00
[milestone3_demo_sequence_node-9] [INFO] [1777332223.963624464] [cdrone.cdrone3.milestone3_demo_sequence_node]: Requested MPC_Z_V_AUTO_DN=1.50
[milestone3_demo_sequence_node-9] [INFO] [1777332224.006274228] [cdrone.cdrone3.milestone3_demo_sequence_node]: Restored MPC_Z_V_AUTO_DN to 1.50
[milestone3_demo_sequence_node-9] [INFO] [1777332224.010107653] [cdrone.cdrone3.milestone3_demo_sequence_node]: Requested MPC_Z_VEL_MAX_DN=1.50
[milestone3_demo_sequence_node-9] [INFO] [1777332224.055731634] [cdrone.cdrone3.milestone3_demo_sequence_node]: Restored MPC_Z_VEL_MAX_DN to 1.50
[milestone3_demo_sequence_node-9] [INFO] [1777332224.059121725] [cdrone.cdrone3.milestone3_demo_sequence_node]: Requested MPC_LAND_SPEED=0.70
[milestone3_demo_sequence_node-9] [INFO] [1777332224.105408275] [cdrone.cdrone3.milestone3_demo_sequence_node]: Restored MPC_LAND_SPEED to 0.70
[mavros_node-1] [WARN] [1777332224.113889472] [cdrone.cdrone3.mavros.sys]: FCU: UNK(8): EVENT 11047904 with args -0-0-0-0-0-128-0-0-0-176-123-127-128-176-123-127-128-0-0-0-0-0-0-0-0-0-0-0-0-0-0-0-0-0-0-0-0-0-0-0-
[mavros_node-1] [INFO] [1777332224.115210609] [cdrone.cdrone3.mavros.sys]: FCU: EVENT 377561 with args -8-0-0-0-20-0-0-0-0-0-0-0-0-0-0-0-0-0-0-0-0-0-0-0-0-0-0-0-0-0-0-0-0-0-0-0-0-0-0-0-
[mavros_node-1] [WARN] [1777332224.115435508] [cdrone.cdrone3.mavros.sys]: FCU: EVENT 453929 with args -255-255-255-255-7-0-0-0-0-0-0-0-0-0-0-0-0-0-0-0-0-0-0-0-0-0-0-0-0-0-0-0-0-0-0-0-0-0-0-0-
[mavros_node-1] [INFO] [1777332224.115615254] [cdrone.cdrone3.mavros.sys]: FCU: EVENT 6801787 with args -255-255-255-255-12-0-0-0-0-0-0-0-0-0-0-0-0-0-0-0-0-0-0-0-0-0-0-0-0-0-0-0-0-0-0-0-0-0-0-0-
[mavros_node-1] [WARN] [1777332224.116992584] [cdrone.cdrone3.mavros.sys]: FCU: UNK(8): EVENT 1914663 with args -0-2-0-2-56-0-0-0-0-0-0-0-0-0-0-0-0-0-0-0-0-0-0-0-0-0-0-0-0-0-0-0-0-0-0-0-0-0-0-0-
[milestone3_demo_sequence_node-9] [INFO] [1777332396.460459615] [cdrone.cdrone3.milestone3_demo_sequence_node]: State ABORT -> SYNC_TAKEOFF_PARAM: start requested
[milestone3_demo_sequence_node-9] [INFO] [1777332396.507863885] [cdrone.cdrone3.milestone3_demo_sequence_node]: Requested current MIS_TAKEOFF_ALT
[milestone3_demo_sequence_node-9] [INFO] [1777332396.555701988] [cdrone.cdrone3.milestone3_demo_sequence_node]: MIS_TAKEOFF_ALT currently 1.50
[milestone3_demo_sequence_node-9] [INFO] [1777332396.557373798] [cdrone.cdrone3.milestone3_demo_sequence_node]: State SYNC_TAKEOFF_PARAM -> SYNC_PRE_TAKEOFF_PROFILE: takeoff altitude configured
[milestone3_demo_sequence_node-9] [INFO] [1777332396.609075564] [cdrone.cdrone3.milestone3_demo_sequence_node]: Requested MPC_XY_CRUISE=5.00
[milestone3_demo_sequence_node-9] [INFO] [1777332396.656629149] [cdrone.cdrone3.milestone3_demo_sequence_node]: Set pre-takeoff baseline MPC_XY_CRUISE to 5.00
[milestone3_demo_sequence_node-9] [INFO] [1777332396.659383189] [cdrone.cdrone3.milestone3_demo_sequence_node]: Requested MPC_XY_VEL_MAX=12.00
[milestone3_demo_sequence_node-9] [INFO] [1777332396.705358374] [cdrone.cdrone3.milestone3_demo_sequence_node]: Set pre-takeoff baseline MPC_XY_VEL_MAX to 12.00
[milestone3_demo_sequence_node-9] [INFO] [1777332396.707678677] [cdrone.cdrone3.milestone3_demo_sequence_node]: Requested MPC_ACC_HOR=3.00
[milestone3_demo_sequence_node-9] [INFO] [1777332396.763038087] [cdrone.cdrone3.milestone3_demo_sequence_node]: Set pre-takeoff baseline MPC_ACC_HOR to 3.00
[milestone3_demo_sequence_node-9] [INFO] [1777332396.766992024] [cdrone.cdrone3.milestone3_demo_sequence_node]: Requested MPC_JERK_AUTO=4.00
[milestone3_demo_sequence_node-9] [INFO] [1777332396.805343371] [cdrone.cdrone3.milestone3_demo_sequence_node]: Set pre-takeoff baseline MPC_JERK_AUTO to 4.00
[milestone3_demo_sequence_node-9] [INFO] [1777332396.807924800] [cdrone.cdrone3.milestone3_demo_sequence_node]: Requested MPC_JERK_MAX=8.00
[milestone3_demo_sequence_node-9] [INFO] [1777332396.856416581] [cdrone.cdrone3.milestone3_demo_sequence_node]: Set pre-takeoff baseline MPC_JERK_MAX to 8.00
[milestone3_demo_sequence_node-9] [INFO] [1777332396.858874327] [cdrone.cdrone3.milestone3_demo_sequence_node]: Requested MPC_Z_V_AUTO_UP=3.00
[milestone3_demo_sequence_node-9] [INFO] [1777332396.905553334] [cdrone.cdrone3.milestone3_demo_sequence_node]: Set pre-takeoff baseline MPC_Z_V_AUTO_UP to 3.00
[milestone3_demo_sequence_node-9] [INFO] [1777332396.909057598] [cdrone.cdrone3.milestone3_demo_sequence_node]: Requested MPC_Z_V_AUTO_DN=1.50
[milestone3_demo_sequence_node-9] [INFO] [1777332396.956097220] [cdrone.cdrone3.milestone3_demo_sequence_node]: Set pre-takeoff baseline MPC_Z_V_AUTO_DN to 1.50
[milestone3_demo_sequence_node-9] [INFO] [1777332396.958959647] [cdrone.cdrone3.milestone3_demo_sequence_node]: Requested MPC_Z_VEL_MAX_DN=1.50
[milestone3_demo_sequence_node-9] [INFO] [1777332397.005631582] [cdrone.cdrone3.milestone3_demo_sequence_node]: Set pre-takeoff baseline MPC_Z_VEL_MAX_DN to 1.50
[milestone3_demo_sequence_node-9] [INFO] [1777332397.010598244] [cdrone.cdrone3.milestone3_demo_sequence_node]: Requested MPC_LAND_SPEED=0.70
[milestone3_demo_sequence_node-9] [INFO] [1777332397.056344625] [cdrone.cdrone3.milestone3_demo_sequence_node]: Set pre-takeoff baseline MPC_LAND_SPEED to 0.70
[milestone3_demo_sequence_node-9] [INFO] [1777332397.060733483] [cdrone.cdrone3.milestone3_demo_sequence_node]: Requested MPC_TKO_SPEED=1.50
[milestone3_demo_sequence_node-9] [INFO] [1777332397.105742762] [cdrone.cdrone3.milestone3_demo_sequence_node]: Set pre-takeoff baseline MPC_TKO_SPEED to 1.50
[milestone3_demo_sequence_node-9] [INFO] [1777332397.107071461] [cdrone.cdrone3.milestone3_demo_sequence_node]: State SYNC_PRE_TAKEOFF_PROFILE -> SET_TAKEOFF_MODE: pre-takeoff profile configured
[milestone3_demo_sequence_node-9] [INFO] [1777332397.158392325] [cdrone.cdrone3.milestone3_demo_sequence_node]: Requested mode AUTO.TAKEOFF
[mavros_node-1] [WARN] [1777332397.173003634] [cdrone.cdrone3.mavros.cmd]: CMD: Unexpected command 176, result 0
[milestone3_demo_sequence_node-9] [INFO] [1777332397.205309707] [cdrone.cdrone3.milestone3_demo_sequence_node]: Mode request accepted for AUTO.TAKEOFF
[mavros_velocity_node-8] [INFO] [1777332397.315865133] [cdrone.cdrone3.mavros_velocity_node]: Mode changed: OFFBOARD → AUTO.TAKEOFF
[milestone3_demo_sequence_node-9] [INFO] [1777332397.358054482] [cdrone.cdrone3.milestone3_demo_sequence_node]: State SET_TAKEOFF_MODE -> ARMING: AUTO.TAKEOFF confirmed
[milestone3_demo_sequence_node-9] [INFO] [1777332398.906663694] [cdrone.cdrone3.milestone3_demo_sequence_node]: Requested arm
[milestone3_demo_sequence_node-9] [INFO] [1777332398.955672929] [cdrone.cdrone3.milestone3_demo_sequence_node]: Arm request accepted
[mavros_node-1] [INFO] [1777332398.971194945] [cdrone.cdrone3.mavros.sys]: FCU: EVENT 9489139 with args -4-0-0-0-0-0-0-0-0-0-0-0-0-0-0-0-0-0-0-0-0-0-0-0-0-0-0-0-0-0-0-0-0-0-0-0-0-0-0-0-
[mavros_node-1] [INFO] [1777332398.971463174] [cdrone.cdrone3.mavros.sys]: FCU: EVENT 3878855 with args -0-0-192-63-0-0-0-0-0-0-0-0-0-0-0-0-0-0-0-0-0-0-0-0-0-0-0-0-0-0-0-0-0-0-0-0-0-0-0-0-
[mavros_node-1] [INFO] [1777332398.971556968] [cdrone.cdrone3.mavros.sys]: FCU: EVENT 1203183 with args -234-7-4-1-9-2-9-0-0-0-0-0-0-0-0-0-0-0-0-0-0-0-0-0-0-0-0-0-0-0-0-0-0-0-0-0-0-0-0-0-
[mavros_node-1] [WARN] [1777332399.068586331] [cdrone.cdrone3.mavros.sys]: FCU: UNK(8): EVENT 11047904 with args -0-0-0-0-0-128-0-0-0-176-123-127-128-176-123-127-128-0-0-0-0-0-0-0-0-0-0-0-0-0-0-0-0-0-0-0-0-0-0-0-
[mavros_node-1] [INFO] [1777332399.068825120] [cdrone.cdrone3.mavros.sys]: FCU: EVENT 377561 with args -8-0-0-0-20-0-0-0-0-0-0-0-0-0-0-0-0-0-0-0-0-0-0-0-0-0-0-0-0-0-0-0-0-0-0-0-0-0-0-0-
[mavros_node-1] [WARN] [1777332399.069053188] [cdrone.cdrone3.mavros.sys]: FCU: EVENT 453929 with args -255-255-255-255-7-0-0-0-0-0-0-0-0-0-0-0-0-0-0-0-0-0-0-0-0-0-0-0-0-0-0-0-0-0-0-0-0-0-0-0-
[mavros_node-1] [INFO] [1777332399.069144934] [cdrone.cdrone3.mavros.sys]: FCU: EVENT 6801787 with args -255-255-255-255-12-0-0-0-0-0-0-0-0-0-0-0-0-0-0-0-0-0-0-0-0-0-0-0-0-0-0-0-0-0-0-0-0-0-0-0-
[mavros_node-1] [WARN] [1777332399.077053738] [cdrone.cdrone3.mavros.sys]: FCU: UNK(8): EVENT 1914663 with args -0-2-4-2-56-0-0-0-0-0-0-0-0-0-0-0-0-0-0-0-0-0-0-0-0-0-0-0-0-0-0-0-0-0-0-0-0-0-0-0-
[mavros_velocity_node-8] [INFO] [1777332399.319363478] [cdrone.cdrone3.mavros_velocity_node]: Armed: True
[milestone3_demo_sequence_node-9] [INFO] [1777332399.356418035] [cdrone.cdrone3.milestone3_demo_sequence_node]: State ARMING -> TAKEOFF: vehicle armed; waiting for PX4 AUTO.TAKEOFF climb
[milestone3_demo_sequence_node-9] [INFO] [1777332399.406525182] [cdrone.cdrone3.milestone3_demo_sequence_node]: Takeoff progress: delta_z=-0.00 m target_delta_z=1.50 m mode=AUTO.TAKEOFF armed=True
[milestone3_demo_sequence_node-9] [INFO] [1777332400.456192765] [cdrone.cdrone3.milestone3_demo_sequence_node]: Takeoff progress: delta_z=0.00 m target_delta_z=1.50 m mode=AUTO.TAKEOFF armed=True
[mavros_node-1] [INFO] [1777332400.633096777] [cdrone.cdrone3.mavros.sys]: FCU: EVENT 4277609 with args -0-0-0-0-0-0-0-0-0-0-0-0-0-0-0-0-0-0-0-0-0-0-0-0-0-0-0-0-0-0-0-0-0-0-0-0-0-0-0-0-
[milestone3_demo_sequence_node-9] [INFO] [1777332401.506050856] [cdrone.cdrone3.milestone3_demo_sequence_node]: Takeoff progress: delta_z=0.01 m target_delta_z=1.50 m mode=AUTO.TAKEOFF armed=True
[milestone3_demo_sequence_node-9] [INFO] [1777332402.305988375] [cdrone.cdrone3.milestone3_demo_sequence_node]: State TAKEOFF -> ABORT: external pose companion status is not active
[milestone3_demo_sequence_node-9] [INFO] [1777332402.307731355] [cdrone.cdrone3.milestone3_demo_sequence_node]: Requested mode AUTO.LAND
[milestone3_demo_sequence_node-9] [INFO] [1777332402.355288631] [cdrone.cdrone3.milestone3_demo_sequence_node]: Mode request accepted for AUTO.LAND
[external_pose_debug_node-6] [WARN] [1777332402.453934807] [cdrone.cdrone3.external_pose_debug_node]: max source gap 0.30s
[milestone3_demo_sequence_node-9] [INFO] [1777332402.856580287] [cdrone.cdrone3.milestone3_demo_sequence_node]: Requested mode AUTO.LAND
[milestone3_demo_sequence_node-9] [INFO] [1777332402.905515991] [cdrone.cdrone3.milestone3_demo_sequence_node]: Mode request accepted for AUTO.LAND
[mavros_velocity_node-8] [INFO] [1777332403.324589793] [cdrone.cdrone3.mavros_velocity_node]: Mode changed: AUTO.TAKEOFF → AUTO.LAND
[mavros_node-1] [INFO] [1777332404.277055310] [cdrone.cdrone3.mavros.sys]: FCU: EVENT 9844908 with args -0-0-0-0-0-0-0-0-0-0-0-0-0-0-0-0-0-0-0-0-0-0-0-0-0-0-0-0-0-0-0-0-0-0-0-0-0-0-0-0-
[external_pose_debug_node-6] [WARN] [1777332404.457161943] [cdrone.cdrone3.external_pose_debug_node]: max source gap 0.30s; source->local pos error 0.128m (dx=+0.009, dy=+0.001, dz=+0.128) src_z=0.125 local_z=0.252 src_minus_home=+0.003 local_minus_home=+0.131; source->local vertical mismatch dz=+0.128m src_minus_home=+0.003 local_minus_home=+0.131
[mavros_node-1] [INFO] [1777332406.282944301] [cdrone.cdrone3.mavros.sys]: FCU: EVENT 16017271 with args -6-0-0-0-0-0-0-0-0-0-0-0-0-0-0-0-0-0-0-0-0-0-0-0-0-0-0-0-0-0-0-0-0-0-0-0-0-0-0-0-
[mavros_velocity_node-8] [INFO] [1777332406.321342671] [cdrone.cdrone3.mavros_velocity_node]: Mode changed: AUTO.LAND → AUTO.TAKEOFF
[mavros_velocity_node-8] [INFO] [1777332406.322160705] [cdrone.cdrone3.mavros_velocity_node]: Armed: False
[external_pose_debug_node-6] [WARN] [1777332406.453795457] [cdrone.cdrone3.external_pose_debug_node]: max source gap 0.30s
[mavros_node-1] [WARN] [1777332410.004924237] [cdrone.cdrone3.mavros.sys]: FCU: UNK(8): EVENT 11047904 with args -0-0-0-0-0-128-0-0-0-176-123-127-128-176-123-127-128-0-0-0-0-0-0-0-0-0-0-0-0-0-0-0-0-0-0-0-0-0-0-0-
[mavros_node-1] [INFO] [1777332410.005274516] [cdrone.cdrone3.mavros.sys]: FCU: EVENT 377561 with args -8-0-0-0-20-0-0-0-0-0-0-0-0-0-0-0-0-0-0-0-0-0-0-0-0-0-0-0-0-0-0-0-0-0-0-0-0-0-0-0-
[mavros_node-1] [WARN] [1777332410.005553626] [cdrone.cdrone3.mavros.sys]: FCU: EVENT 453929 with args -255-255-255-255-7-0-0-0-0-0-0-0-0-0-0-0-0-0-0-0-0-0-0-0-0-0-0-0-0-0-0-0-0-0-0-0-0-0-0-0-
[mavros_node-1] [INFO] [1777332410.006160327] [cdrone.cdrone3.mavros.sys]: FCU: EVENT 6801787 with args -255-255-255-255-12-0-0-0-0-0-0-0-0-0-0-0-0-0-0-0-0-0-0-0-0-0-0-0-0-0-0-0-0-0-0-0-0-0-0-0-
[mavros_node-1] [WARN] [1777332410.010192956] [cdrone.cdrone3.mavros.sys]: FCU: UNK(8): EVENT 1914663 with args -0-2-0-2-56-0-0-0-0-0-0-0-0-0-0-0-0-0-0-0-0-0-0-0-0-0-0-0-0-0-0-0-0-0-0-0-0-0-0-0-
